Archive member included to satisfy reference by file (symbol)

D:/ST/STM32CubeIDE_1.16.0/STM32CubeIDE/plugins/com.st.stm32cube.ide.mcu.externaltools.gnu-tools-for-stm32.12.3.rel1.win32_1.0.200.202406191623/tools/bin/../lib/gcc/arm-none-eabi/12.3.1/../../../../arm-none-eabi/lib/thumb/v7e-m+fp/hard\libc_nano.a(libc_a-exit.o)
                              D:/ST/STM32CubeIDE_1.16.0/STM32CubeIDE/plugins/com.st.stm32cube.ide.mcu.externaltools.gnu-tools-for-stm32.12.3.rel1.win32_1.0.200.202406191623/tools/bin/../lib/gcc/arm-none-eabi/12.3.1/../../../../arm-none-eabi/lib/thumb/v7e-m+fp/hard/crt0.o (exit)
D:/ST/STM32CubeIDE_1.16.0/STM32CubeIDE/plugins/com.st.stm32cube.ide.mcu.externaltools.gnu-tools-for-stm32.12.3.rel1.win32_1.0.200.202406191623/tools/bin/../lib/gcc/arm-none-eabi/12.3.1/../../../../arm-none-eabi/lib/thumb/v7e-m+fp/hard\libc_nano.a(libc_a-findfp.o)
                              D:/ST/STM32CubeIDE_1.16.0/STM32CubeIDE/plugins/com.st.stm32cube.ide.mcu.externaltools.gnu-tools-for-stm32.12.3.rel1.win32_1.0.200.202406191623/tools/bin/../lib/gcc/arm-none-eabi/12.3.1/../../../../arm-none-eabi/lib/thumb/v7e-m+fp/hard\libc_nano.a(libc_a-exit.o) (__stdio_exit_handler)
D:/ST/STM32CubeIDE_1.16.0/STM32CubeIDE/plugins/com.st.stm32cube.ide.mcu.externaltools.gnu-tools-for-stm32.12.3.rel1.win32_1.0.200.202406191623/tools/bin/../lib/gcc/arm-none-eabi/12.3.1/../../../../arm-none-eabi/lib/thumb/v7e-m+fp/hard\libc_nano.a(libc_a-fwalk.o)
                              D:/ST/STM32CubeIDE_1.16.0/STM32CubeIDE/plugins/com.st.stm32cube.ide.mcu.externaltools.gnu-tools-for-stm32.12.3.rel1.win32_1.0.200.202406191623/tools/bin/../lib/gcc/arm-none-eabi/12.3.1/../../../../arm-none-eabi/lib/thumb/v7e-m+fp/hard\libc_nano.a(libc_a-findfp.o) (_fwalk_sglue)
D:/ST/STM32CubeIDE_1.16.0/STM32CubeIDE/plugins/com.st.stm32cube.ide.mcu.externaltools.gnu-tools-for-stm32.12.3.rel1.win32_1.0.200.202406191623/tools/bin/../lib/gcc/arm-none-eabi/12.3.1/../../../../arm-none-eabi/lib/thumb/v7e-m+fp/hard\libc_nano.a(libc_a-stdio.o)
                              D:/ST/STM32CubeIDE_1.16.0/STM32CubeIDE/plugins/com.st.stm32cube.ide.mcu.externaltools.gnu-tools-for-stm32.12.3.rel1.win32_1.0.200.202406191623/tools/bin/../lib/gcc/arm-none-eabi/12.3.1/../../../../arm-none-eabi/lib/thumb/v7e-m+fp/hard\libc_nano.a(libc_a-findfp.o) (__sread)
D:/ST/STM32CubeIDE_1.16.0/STM32CubeIDE/plugins/com.st.stm32cube.ide.mcu.externaltools.gnu-tools-for-stm32.12.3.rel1.win32_1.0.200.202406191623/tools/bin/../lib/gcc/arm-none-eabi/12.3.1/../../../../arm-none-eabi/lib/thumb/v7e-m+fp/hard\libc_nano.a(libc_a-memset.o)
                              D:/ST/STM32CubeIDE_1.16.0/STM32CubeIDE/plugins/com.st.stm32cube.ide.mcu.externaltools.gnu-tools-for-stm32.12.3.rel1.win32_1.0.200.202406191623/tools/bin/../lib/gcc/arm-none-eabi/12.3.1/../../../../arm-none-eabi/lib/thumb/v7e-m+fp/hard/crt0.o (memset)
D:/ST/STM32CubeIDE_1.16.0/STM32CubeIDE/plugins/com.st.stm32cube.ide.mcu.externaltools.gnu-tools-for-stm32.12.3.rel1.win32_1.0.200.202406191623/tools/bin/../lib/gcc/arm-none-eabi/12.3.1/../../../../arm-none-eabi/lib/thumb/v7e-m+fp/hard\libc_nano.a(libc_a-closer.o)
                              D:/ST/STM32CubeIDE_1.16.0/STM32CubeIDE/plugins/com.st.stm32cube.ide.mcu.externaltools.gnu-tools-for-stm32.12.3.rel1.win32_1.0.200.202406191623/tools/bin/../lib/gcc/arm-none-eabi/12.3.1/../../../../arm-none-eabi/lib/thumb/v7e-m+fp/hard\libc_nano.a(libc_a-stdio.o) (_close_r)
D:/ST/STM32CubeIDE_1.16.0/STM32CubeIDE/plugins/com.st.stm32cube.ide.mcu.externaltools.gnu-tools-for-stm32.12.3.rel1.win32_1.0.200.202406191623/tools/bin/../lib/gcc/arm-none-eabi/12.3.1/../../../../arm-none-eabi/lib/thumb/v7e-m+fp/hard\libc_nano.a(libc_a-reent.o)
                              D:/ST/STM32CubeIDE_1.16.0/STM32CubeIDE/plugins/com.st.stm32cube.ide.mcu.externaltools.gnu-tools-for-stm32.12.3.rel1.win32_1.0.200.202406191623/tools/bin/../lib/gcc/arm-none-eabi/12.3.1/../../../../arm-none-eabi/lib/thumb/v7e-m+fp/hard\libc_nano.a(libc_a-closer.o) (errno)
D:/ST/STM32CubeIDE_1.16.0/STM32CubeIDE/plugins/com.st.stm32cube.ide.mcu.externaltools.gnu-tools-for-stm32.12.3.rel1.win32_1.0.200.202406191623/tools/bin/../lib/gcc/arm-none-eabi/12.3.1/../../../../arm-none-eabi/lib/thumb/v7e-m+fp/hard\libc_nano.a(libc_a-impure.o)
                              D:/ST/STM32CubeIDE_1.16.0/STM32CubeIDE/plugins/com.st.stm32cube.ide.mcu.externaltools.gnu-tools-for-stm32.12.3.rel1.win32_1.0.200.202406191623/tools/bin/../lib/gcc/arm-none-eabi/12.3.1/../../../../arm-none-eabi/lib/thumb/v7e-m+fp/hard\libc_nano.a(libc_a-reent.o) (_impure_ptr)
D:/ST/STM32CubeIDE_1.16.0/STM32CubeIDE/plugins/com.st.stm32cube.ide.mcu.externaltools.gnu-tools-for-stm32.12.3.rel1.win32_1.0.200.202406191623/tools/bin/../lib/gcc/arm-none-eabi/12.3.1/../../../../arm-none-eabi/lib/thumb/v7e-m+fp/hard\libc_nano.a(libc_a-lseekr.o)
[...]
Memory Configuration

Name             Origin             Length             Attributes
RAM              0x20000000         0x00020000         xrw
FLASH            0x08000000         0x00080000         xr
*default*        0x00000000         0xffffffff

Linker script and memory map

LOAD D:/ST/STM32CubeIDE_1.16.0/STM32CubeIDE/plugins/com.st.stm32cube.ide.mcu.externaltools.gnu-tools-for-stm32.12.3.rel1.win32_1.0.200.202406191623/tools/bin/../lib/gcc/arm-none-eabi/12.3.1/thumb/v7e-m+fp/hard/crti.o
LOAD D:/ST/STM32CubeIDE_1.16.0/STM32CubeIDE/plugins/com.st.stm32cube.ide.mcu.externaltools.gnu-tools-for-stm32.12.3.rel1.win32_1.0.200.202406191623/tools/bin/../lib/gcc/arm-none-eabi/12.3.1/thumb/v7e-m+fp/hard/crtbegin.o
LOAD D:/ST/STM32CubeIDE_1.16.0/STM32CubeIDE/plugins/com.st.stm32cube.ide.mcu.externaltools.gnu-tools-for-stm32.12.3.rel1.win32_1.0.200.202406191623/tools/bin/../lib/gcc/arm-none-eabi/12.3.1/../../../../arm-none-eabi/lib/thumb/v7e-m+fp/hard/crt0.o
LOAD ./Core/Src/crc.o
LOAD ./Core/Src/gpio.o
LOAD ./Core/Src/main.o
LOAD ./Core/Src/moving_average.o
LOAD ./Core/Src/pid.o
LOAD ./Core/Src/printf.o
LOAD ./Core/Src/spi.o
LOAD ./Core/Src/stm32f4xx_hal_msp.o
LOAD ./Core/Src/stm32f4xx_it.o
LOAD ./Core/Src/syscalls.o
LOAD ./Core/Src/sysmem.o
LOAD ./Core/Src/system_stm32f4xx.o
LOAD ./Core/Src/tim.o
LOAD ./Core/Src/tle5012b.o
LOAD ./Core/Src/usart.o
LOAD ./Core/Src/utils.o
LOAD ./Core/Startup/startup_stm32f411ceux.o
LOAD ./Drivers/STM32F4xx_HAL_Driver/stm32f4xx_hal.o
LOAD ./Drivers/STM32F4xx_HAL_Driver/stm32f4xx_hal_cortex.o
LOAD ./Drivers/STM32F4xx_HAL_Driver/stm32f4xx_hal_crc.o
LOAD ./Drivers/STM32F4xx_HAL_Driver/stm32f4xx_hal_dma.o
LOAD ./Drivers/STM32F4xx_HAL_Driver/stm32f4xx_hal_dma_ex.o
LOAD ./Drivers/STM32F4xx_HAL_Driver/stm32f4xx_hal_exti.o
LOAD ./Drivers/STM32F4xx_HAL_Driver/stm32f4xx_hal_flash.o
LOAD ./Drivers/STM32F4xx_HAL_Driver/stm32f4xx_hal_flash_ex.o
LOAD ./Drivers/STM32F4xx_HAL_Driver/stm32f4xx_hal_flash_ramfunc.o
LOAD ./Drivers/STM32F4xx_HAL_Driver/stm32f4xx_hal_gpio.o
LOAD ./Drivers/STM32F4xx_HAL_Driver/stm32f4xx_hal_pwr.o
LOAD ./Drivers/STM32F4xx_HAL_Driver/stm32f4xx_hal_pwr_ex.o
LOAD ./Drivers/STM32F4xx_HAL_Driver/stm32f4xx_hal_rcc.o
LOAD ./Drivers/STM32F4xx_HAL_Driver/stm32f4xx_hal_rcc_ex.o
LOAD ./Drivers/STM32F4xx_HAL_Driver/stm32f4xx_hal_spi.o
LOAD ./Drivers/STM32F4xx_HAL_Driver/stm32f4xx_hal_tim.o
LOAD ./Drivers/STM32F4xx_HAL_Driver/stm32f4xx_hal_tim_ex.o
LOAD ./Drivers/STM32F4xx_HAL_Driver/stm32f4xx_hal_uart.o
START GROUP
LOAD D:/ST/STM32CubeIDE_1.16.0/STM32CubeIDE/plugins/com.st.stm32cube.ide.mcu.externaltools.gnu-tools-for-stm32.12.3.rel1.win32_1.0.200.202406191623/tools/bin/../lib/gcc/arm-none-eabi/12.3.1/../../../../arm-none-eabi/lib/thumb/v7e-m+fp/hard\libc_nano.a
LOAD D:/ST/STM32CubeIDE_1.16.0/STM32CubeIDE/plugins/com.st.stm32cube.ide.mcu.externaltools.gnu-tools-for-stm32.12.3.rel1.win32_1.0.200.202406191623/tools/bin/../lib/gcc/arm-none-eabi/12.3.1/../../../../arm-none-eabi/lib/thumb/v7e-m+fp/hard\libm.a
END GROUP
START GROUP
LOAD D:/ST/STM32CubeIDE_1.16.0/STM32CubeIDE/plugins/com.st.stm32cube.ide.mcu.externaltools.gnu-tools-for-stm32.12.3.rel1.win32_1.0.200.202406191623/tools/bin/../lib/gcc/arm-none-eabi/12.3.1/thumb/v7e-m+fp/hard\libgcc.a
LOAD D:/ST/STM32CubeIDE_1.16.0/STM32CubeIDE/plugins/com.st.stm32cube.ide.mcu.externaltools.gnu-tools-for-stm32.12.3.rel1.win32_1.0.200.202406191623/tools/bin/../lib/gcc/arm-none-eabi/12.3.1/../../../../arm-none-eabi/lib/thumb/v7e-m+fp/hard\libc_nano.a
END GROUP
START GROUP
LOAD D:/ST/STM32CubeIDE_1.16.0/STM32CubeIDE/plugins/com.st.stm32cube.ide.mcu.externaltools.gnu-tools-for-stm32.12.3.rel1.win32_1.0.200.202406191623/tools/bin/../lib/gcc/arm-none-eabi/12.3.1/thumb/v7e-m+fp/hard\libgcc.a
LOAD D:/ST/STM32CubeIDE_1.16.0/STM32CubeIDE/plugins/com.st.stm32cube.ide.mcu.externaltools.gnu-tools-for-stm32.12.3.rel1.win32_1.0.200.202406191623/tools/bin/../lib/gcc/arm-none-eabi/12.3.1/../../../../arm-none-eabi/lib/thumb/v7e-m+fp/hard\libc_nano.a
LOAD D:/ST/STM32CubeIDE_1.16.0/STM32CubeIDE/plugins/com.st.stm32cube.ide.mcu.externaltools.gnu-tools-for-stm32.12.3.rel1.win32_1.0.200.202406191623/tools/bin/../lib/gcc/arm-none-eabi/12.3.1/../../../../arm-none-eabi/lib/thumb/v7e-m+fp/hard\libnosys.a
END GROUP
START GROUP
LOAD D:/ST/STM32CubeIDE_1.16.0/STM32CubeIDE/plugins/com.st.stm32cube.ide.mcu.externaltools.gnu-tools-for-stm32.12.3.rel1.win32_1.0.200.202406191623/tools/bin/../lib/gcc/arm-none-eabi/12.3.1/thumb/v7e-m+fp/hard\libgcc.a
LOAD D:/ST/STM32CubeIDE_1.16.0/STM32CubeIDE/plugins/com.st.stm32cube.ide.mcu.externaltools.gnu-tools-for-stm32.12.3.rel1.win32_1.0.200.202406191623/tools/bin/../lib/gcc/arm-none-eabi/12.3.1/../../../../arm-none-eabi/lib/thumb/v7e-m+fp/hard\libc_nano.a
LOAD D:/ST/STM32CubeIDE_1.16.0/STM32CubeIDE/plugins/com.st.stm32cube.ide.mcu.externaltools.gnu-tools-for-stm32.12.3.rel1.win32_1.0.200.202406191623/tools/bin/../lib/gcc/arm-none-eabi/12.3.1/../../../../arm-none-eabi/lib/thumb/v7e-m+fp/hard\libnosys.a
END GROUP
LOAD D:/ST/STM32CubeIDE_1.16.0/STM32CubeIDE/plugins/com.st.stm32cube.ide.mcu.externaltools.gnu-tools-for-stm32.12.3.rel1.win32_1.0.200.202406191623/tools/bin/../lib/gcc/arm-none-eabi/12.3.1/thumb/v7e-m+fp/hard/crtend.o
LOAD D:/ST/STM32CubeIDE_1.16.0/STM32CubeIDE/plugins/com.st.stm32cube.ide.mcu.externaltools.gnu-tools-for-stm32.12.3.rel1.win32_1.0.200.202406191623/tools/bin/../lib/gcc/arm-none-eabi/12.3.1/thumb/v7e-m+fp/hard/crtn.o
                0x20020000                        _estack = (ORIGIN (RAM) + LENGTH (RAM))
                0x00000800                        _Min_Heap_Size = 0x800
                0x00000800                        _Min_Stack_Size = 0x800

.isr_vector     0x08000000      0x198
                0x08000000                        . = ALIGN (0x4)
 *(.isr_vector)
 .isr_vector    0x08000000      0x198 ./Core/Startup/startup_stm32f411ceux.o
                0x08000000                g_pfnVectors
                0x08000198                        . = ALIGN (0x4)

.text           0x08000198     0x7f34
                0x08000198                        . = ALIGN (0x4)
 *(.text)
 .text          0x08000198       0x40 D:/ST/STM32CubeIDE_1.16.0/STM32CubeIDE/plugins/com.st.stm32cube.ide.mcu.externaltools.gnu-tools-for-stm32.12.3.rel1.win32_1.0.200.202406191623/tools/bin/../lib/gcc/arm-none-eabi/12.3.1/thumb/v7e-m+fp/hard/crtbegin.o
 .text          0x080001d8      0x378 D:/ST/STM32CubeIDE_1.16.0/STM32CubeIDE/plugins/com.st.stm32cube.ide.mcu.externaltools.gnu-tools-for-stm32.12.3.rel1.win32_1.0.200.202406191623/tools/bin/../lib/gcc/arm-none-eabi/12.3.1/thumb/v7e-m+fp/hard\libgcc.a(_arm_addsubdf3.o)
                0x080001d8                __aeabi_drsub
                0x080001e0                __aeabi_dsub
                0x080001e0                __subdf3
                0x080001e4                __aeabi_dadd
                0x080001e4                __adddf3
                0x0800045c                __floatunsidf
                0x0800045c                __aeabi_ui2d
                0x0800047c                __floatsidf
                0x0800047c                __aeabi_i2d
                0x080004a0                __aeabi_f2d
                0x080004a0                __extendsfdf2
                0x080004e4                __floatundidf
                0x080004e4                __aeabi_ul2d
                0x080004f4                __floatdidf
                0x080004f4                __aeabi_l2d
 .text          0x08000550      0x424 D:/ST/STM32CubeIDE_1.16.0/STM32CubeIDE/plugins/com.st.stm32cube.ide.mcu.externaltools.gnu-tools-for-stm32.12.3.rel1.win32_1.0.200.202406191623/tools/bin/../lib/gcc/arm-none-eabi/12.3.1/thumb/v7e-m+fp/hard\libgcc.a(_arm_muldivdf3.o)
                0x08000550                __aeabi_dmul
                0x08000550                __muldf3
                0x080007a4                __divdf3
                0x080007a4                __aeabi_ddiv
 .text          0x08000974      0x110 D:/ST/STM32CubeIDE_1.16.0/STM32CubeIDE/plugins/com.st.stm32cube.ide.mcu.externaltools.gnu-tools-for-stm32.12.3.rel1.win32_1.0.200.202406191623/tools/bin/../lib/gcc/arm-none-eabi/12.3.1/thumb/v7e-m+fp/hard\libgcc.a(_arm_cmpdf2.o)
                0x08000974                __gtdf2
                0x08000974                __gedf2
                0x0800097c                __ltdf2
                0x0800097c                __ledf2
                0x08000984                __nedf2
                0x08000984                __eqdf2
                0x08000984                __cmpdf2
                0x08000a00                __aeabi_cdrcmple
                0x08000a10                __aeabi_cdcmpeq
                0x08000a10                __aeabi_cdcmple
                0x08000a20                __aeabi_dcmpeq
                0x08000a34                __aeabi_dcmplt
                0x08000a48                __aeabi_dcmple
                0x08000a5c                __aeabi_dcmpge
                0x08000a70                __aeabi_dcmpgt
 .text          0x08000a84       0x50 D:/ST/STM32CubeIDE_1.16.0/STM32CubeIDE/plugins/com.st.stm32cube.ide.mcu.externaltools.gnu-tools-for-stm32.12.3.rel1.win32_1.0.200.202406191623/tools/bin/../lib/gcc/arm-none-eabi/12.3.1/thumb/v7e-m+fp/hard\libgcc.a(_arm_fixdfsi.o)
                0x08000a84                __aeabi_d2iz
                0x08000a84                __fixdfsi
 .text          0x08000ad4       0x40 D:/ST/STM32CubeIDE_1.16.0/STM32CubeIDE/plugins/com.st.stm32cube.ide.mcu.externaltools.gnu-tools-for-stm32.12.3.rel1.win32_1.0.200.202406191623/tools/bin/../lib/gcc/arm-none-eabi/12.3.1/thumb/v7e-m+fp/hard\libgcc.a(_arm_fixunsdfsi.o)
                0x08000ad4                __aeabi_d2uiz
                0x08000ad4                __fixunsdfsi
 .text          0x08000b14       0xa0 D:/ST/STM32CubeIDE_1.16.0/STM32CubeIDE/plugins/com.st.stm32cube.ide.mcu.externaltools.gnu-tools-for-stm32.12.3.rel1.win32_1.0.200.202406191623/tools/bin/../lib/gcc/arm-none-eabi/12.3.1/thumb/v7e-m+fp/hard\libgcc.a(_arm_truncdfsf2.o)
                0x08000b14                __truncdfsf2
                0x08000b14                __aeabi_d2f
 .text          0x08000bb4       0x30 D:/ST/STM32CubeIDE_1.16.0/STM32CubeIDE/plugins/com.st.stm32cube.ide.mcu.externaltools.gnu-tools-for-stm32.12.3.rel1.win32_1.0.200.202406191623/tools/bin/../lib/gcc/arm-none-eabi/12.3.1/thumb/v7e-m+fp/hard\libgcc.a(_aeabi_uldivmod.o)
                0x08000bb4                __aeabi_uldivmod
 .text          0x08000be4      0x2bc D:/ST/STM32CubeIDE_1.16.0/STM32CubeIDE/plugins/com.st.stm32cube.ide.mcu.externaltools.gnu-tools-for-stm32.12.3.rel1.win32_1.0.200.202406191623/tools/bin/../lib/gcc/arm-none-eabi/12.3.1/thumb/v7e-m+fp/hard\libgcc.a(_udivmoddi4.o)
                0x08000be4                __udivmoddi4
 .text          0x08000ea0        0x4 D:/ST/STM32CubeIDE_1.16.0/STM32CubeIDE/plugins/com.st.stm32cube.ide.mcu.externaltools.gnu-tools-for-stm32.12.3.rel1.win32_1.0.200.202406191623/tools/bin/../lib/gcc/arm-none-eabi/12.3.1/thumb/v7e-m+fp/hard\libgcc.a(_dvmd_tls.o)
                0x08000ea0                __aeabi_idiv0
                0x08000ea0                __aeabi_ldiv0
 *(.text*)
 .text.MX_CRC_Init
                0x08000ea4       0x28 ./Core/Src/crc.o
                0x08000ea4                MX_CRC_Init
 .text.HAL_CRC_MspInit
                0x08000ecc       0x44 ./Core/Src/crc.o
                0x08000ecc                HAL_CRC_MspInit
 .text.MX_GPIO_Init
                0x08000f10      0x118 ./Core/Src/gpio.o
                0x08000f10                MX_GPIO_Init
 .text.main     0x08001028      0x244 ./Core/Src/main.o
                0x08001028                main
 .text.SystemClock_Config
                0x0800126c       0xd0 ./Core/Src/main.o
                0x0800126c                SystemClock_Config
 .text.ccw1     0x0800133c       0x2c ./Core/Src/main.o
                0x0800133c                ccw1
 .text.ccw2     0x08001368       0x2c ./Core/Src/main.o
                0x08001368                ccw2
 .text.cw1      0x08001394       0x2c ./Core/Src/main.o
                0x08001394                cw1
 .text.cw2      0x080013c0       0x2c ./Core/Src/main.o
                0x080013c0                cw2
 .text.stop1    0x080013ec       0x24 ./Core/Src/main.o
                0x080013ec                stop1
 .text.stop2    0x08001410       0x24 ./Core/Src/main.o
                0x08001410                stop2
 .text.reset_motors
                0x08001434       0x38 ./Core/Src/main.o
                0x08001434                reset_motors
 .text.goto_angle1
                0x0800146c      0x188 ./Core/Src/main.o
                0x0800146c                goto_angle1
 .text.goto_angle2
                0x080015f4      0x188 ./Core/Src/main.o
                0x080015f4                goto_angle2
 .text.r_abs    0x0800177c       0x38 ./Core/Src/main.o
                0x0800177c                r_abs
 .text.print_debug
                0x080017b4      0x11c ./Core/Src/main.o
                0x080017b4                print_debug
 .text.read_sensors
                0x080018d0      0x120 ./Core/Src/main.o
                0x080018d0                read_sensors
 .text.srand    0x080019f0       0x20 ./Core/Src/main.o
                0x080019f0                srand
 .text.Error_Handler
                0x08001a10       0x28 ./Core/Src/main.o
                0x08001a10                Error_Handler
 .text.Moving_Average_Init
                0x08001a38       0x40 ./Core/Src/moving_average.o
                0x08001a38                Moving_Average_Init
 .text.PID_Init
                0x08001a78       0x74 ./Core/Src/pid.o
                0x08001a78                PID_Init
 *fill*         0x08001aec        0x4 
 .text.PID      0x08001af0       0x98 ./Core/Src/pid.o
                0x08001af0                PID
 .text.PID_Compute
                0x08001b88      0x1d4 ./Core/Src/pid.o
                0x08001b88                PID_Compute
 .text.PID_SetMode
                0x08001d5c       0x3c ./Core/Src/pid.o
                0x08001d5c                PID_SetMode
 .text.PID_SetOutputLimits
                0x08001d98       0xdc ./Core/Src/pid.o
                0x08001d98                PID_SetOutputLimits
 .text.PID_SetTunings2
                0x08001e74      0x150 ./Core/Src/pid.o
                0x08001e74                PID_SetTunings2
 .text.PID_SetControllerDirection
                0x08001fc4       0x80 ./Core/Src/pid.o
                0x08001fc4                PID_SetControllerDirection
 .text.PID_SetSampleTime
                0x08002044       0x76 ./Core/Src/pid.o
                0x08002044                PID_SetSampleTime
 .text._out_buffer
                0x080020ba       0x2e ./Core/Src/printf.o
 .text._out_null
                0x080020e8       0x1c ./Core/Src/printf.o
 .text._strnlen_s
                0x08002104       0x3a ./Core/Src/printf.o
 .text._is_digit
                0x0800213e       0x2e ./Core/Src/printf.o
 .text._atoi    0x0800216c       0x48 ./Core/Src/printf.o
 .text._out_rev
                0x080021b4       0xa0 ./Core/Src/printf.o
 .text._ntoa_format
                0x08002254      0x1b8 ./Core/Src/printf.o
 .text._ntoa_long
                0x0800240c       0xcc ./Core/Src/printf.o
 .text._ntoa_long_long
                0x080024d8       0xda ./Core/Src/printf.o
 *fill*         0x080025b2        0x6 
 .text._ftoa    0x080025b8      0x4ac ./Core/Src/printf.o
 *fill*         0x08002a64        0x4 
 .text._etoa    0x08002a68      0x510 ./Core/Src/printf.o
 .text._vsnprintf
                0x08002f78      0x9ec ./Core/Src/printf.o
 .text.sprintf_
                0x08003964       0x38 ./Core/Src/printf.o
                0x08003964                sprintf_
 .text.MX_SPI2_Init
                0x0800399c       0x70 ./Core/Src/spi.o
                0x0800399c                MX_SPI2_Init
 .text.HAL_SPI_MspInit
                0x08003a0c       0x90 ./Core/Src/spi.o
                0x08003a0c                HAL_SPI_MspInit
 .text.HAL_MspInit
                0x08003a9c       0x50 ./Core/Src/stm32f4xx_hal_msp.o
                0x08003a9c                HAL_MspInit
 .text.NMI_Handler
                0x08003aec        0x8 ./Core/Src/stm32f4xx_it.o
                0x08003aec                NMI_Handler
 .text.HardFault_Handler
                0x08003af4        0x8 ./Core/Src/stm32f4xx_it.o
                0x08003af4                HardFault_Handler
 .text.MemManage_Handler
                0x08003afc        0x8 ./Core/Src/stm32f4xx_it.o
                0x08003afc                MemManage_Handler
 .text.BusFault_Handler
                0x08003b04        0x8 ./Core/Src/stm32f4xx_it.o
                0x08003b04                BusFault_Handler
 .text.UsageFault_Handler
                0x08003b0c        0x8 ./Core/Src/stm32f4xx_it.o
                0x08003b0c                UsageFault_Handler
 .text.SVC_Handler
                0x08003b14        0xe ./Core/Src/stm32f4xx_it.o
                0x08003b14                SVC_Handler
 .text.DebugMon_Handler
                0x08003b22        0xe ./Core/Src/stm32f4xx_it.o
                0x08003b22                DebugMon_Handler
 .text.PendSV_Handler
                0x08003b30        0xe ./Core/Src/stm32f4xx_it.o
                0x08003b30                PendSV_Handler
 .text.SysTick_Handler
                0x08003b3e        0xc ./Core/Src/stm32f4xx_it.o
                0x08003b3e                SysTick_Handler
 *fill*         0x08003b4a        0x2 
 .text.TIM2_IRQHandler
                0x08003b4c       0x14 ./Core/Src/stm32f4xx_it.o
                0x08003b4c                TIM2_IRQHandler
 .text.USART2_IRQHandler
                0x08003b60       0x14 ./Core/Src/stm32f4xx_it.o
                0x08003b60                USART2_IRQHandler
 .text.SystemInit
                0x08003b74       0x24 ./Core/Src/system_stm32f4xx.o
                0x08003b74                SystemInit
 .text.MX_TIM2_Init
                0x08003b98       0x98 ./Core/Src/tim.o
                0x08003b98                MX_TIM2_Init
 .text.MX_TIM3_Init
                0x08003c30       0xc8 ./Core/Src/tim.o
                0x08003c30                MX_TIM3_Init
 .text.MX_TIM4_Init
                0x08003cf8       0xc8 ./Core/Src/tim.o
                0x08003cf8                MX_TIM4_Init
 .text.HAL_TIM_Base_MspInit
                0x08003dc0       0x4c ./Core/Src/tim.o
                0x08003dc0                HAL_TIM_Base_MspInit
 .text.HAL_TIM_PWM_MspInit
                0x08003e0c       0x70 ./Core/Src/tim.o
                0x08003e0c                HAL_TIM_PWM_MspInit
 .text.HAL_TIM_MspPostInit
                0x08003e7c       0xc4 ./Core/Src/tim.o
                0x08003e7c                HAL_TIM_MspPostInit
 .text.tle5012_ReadAngle
                0x08003f40       0x88 ./Core/Src/tle5012b.o
                0x08003f40                tle5012_ReadAngle
 .text.tle5012_ReadAngle2
                0x08003fc8       0x88 ./Core/Src/tle5012b.o
                0x08003fc8                tle5012_ReadAngle2
 .text.tle5012_ReadRevol
                0x08004050       0xa8 ./Core/Src/tle5012b.o
                0x08004050                tle5012_ReadRevol
 .text.tle5012_ReadRevol2
                0x080040f8       0xa8 ./Core/Src/tle5012b.o
                0x080040f8                tle5012_ReadRevol2
 .text.tle5012_Rset
                0x080041a0       0x5c ./Core/Src/tle5012b.o
                0x080041a0                tle5012_Rset
 .text.MX_USART2_UART_Init
                0x080041fc       0x54 ./Core/Src/usart.o
                0x080041fc                MX_USART2_UART_Init
 .text.HAL_UART_MspInit
                0x08004250       0xa0 ./Core/Src/usart.o
                0x08004250                HAL_UART_MspInit
 .text.i_abs    0x080042f0       0x1c ./Core/Src/utils.o
                0x080042f0                i_abs
 .text.Reset_Handler
                0x0800430c       0x50 ./Core/Startup/startup_stm32f411ceux.o
                0x0800430c                Reset_Handler
 .text.Default_Handler
                0x0800435c        0x2 ./Core/Startup/startup_stm32f411ceux.o
                0x0800435c                RTC_Alarm_IRQHandler
                0x0800435c                EXTI2_IRQHandler
                0x0800435c                SPI4_IRQHandler
                0x0800435c                TIM1_CC_IRQHandler
                0x0800435c                DMA2_Stream5_IRQHandler
                0x0800435c                DMA1_Stream5_IRQHandler
                0x0800435c                PVD_IRQHandler
                0x0800435c                SDIO_IRQHandler
                0x0800435c                TAMP_STAMP_IRQHandler
                0x0800435c                EXTI3_IRQHandler
                0x0800435c                TIM1_UP_TIM10_IRQHandler
                0x0800435c                I2C3_ER_IRQHandler
                0x0800435c                EXTI0_IRQHandler
                0x0800435c                I2C2_EV_IRQHandler
                0x0800435c                DMA1_Stream2_IRQHandler
                0x0800435c                FPU_IRQHandler
                0x0800435c                DMA2_Stream2_IRQHandler
                0x0800435c                SPI1_IRQHandler
                0x0800435c                TIM1_BRK_TIM9_IRQHandler
                0x0800435c                DMA2_Stream3_IRQHandler
                0x0800435c                USART6_IRQHandler
                0x0800435c                DMA2_Stream0_IRQHandler
                0x0800435c                TIM4_IRQHandler
                0x0800435c                I2C1_EV_IRQHandler
                0x0800435c                DMA1_Stream6_IRQHandler
                0x0800435c                DMA1_Stream1_IRQHandler
                0x0800435c                TIM3_IRQHandler
                0x0800435c                RCC_IRQHandler
                0x0800435c                Default_Handler
                0x0800435c                EXTI15_10_IRQHandler
                0x0800435c                ADC_IRQHandler
                0x0800435c                DMA1_Stream7_IRQHandler
                0x0800435c                SPI5_IRQHandler
                0x0800435c                TIM5_IRQHandler
                0x0800435c                DMA2_Stream7_IRQHandler
                0x0800435c                I2C3_EV_IRQHandler
                0x0800435c                EXTI9_5_IRQHandler
                0x0800435c                RTC_WKUP_IRQHandler
                0x0800435c                SPI2_IRQHandler
                0x0800435c                DMA1_Stream0_IRQHandler
                0x0800435c                EXTI4_IRQHandler
                0x0800435c                WWDG_IRQHandler
                0x0800435c                OTG_FS_WKUP_IRQHandler
                0x0800435c                TIM1_TRG_COM_TIM11_IRQHandler
                0x0800435c                EXTI1_IRQHandler
                0x0800435c                I2C2_ER_IRQHandler
                0x0800435c                DMA2_Stream1_IRQHandler
                0x0800435c                FLASH_IRQHandler
                0x0800435c                DMA2_Stream4_IRQHandler
                0x0800435c                USART1_IRQHandler
                0x0800435c                OTG_FS_IRQHandler
                0x0800435c                SPI3_IRQHandler
                0x0800435c                DMA1_Stream4_IRQHandler
                0x0800435c                I2C1_ER_IRQHandler
                0x0800435c                DMA2_Stream6_IRQHandler
                0x0800435c                DMA1_Stream3_IRQHandler
 *fill*         0x0800435e        0x2 
 .text.HAL_Init
                0x08004360       0x44 ./Drivers/STM32F4xx_HAL_Driver/stm32f4xx_hal.o
                0x08004360                HAL_Init
 .text.HAL_InitTick
                0x080043a4       0x60 ./Drivers/STM32F4xx_HAL_Driver/stm32f4xx_hal.o
                0x080043a4                HAL_InitTick
 .text.HAL_IncTick
                0x08004404       0x28 ./Drivers/STM32F4xx_HAL_Driver/stm32f4xx_hal.o
                0x08004404                HAL_IncTick
 .text.HAL_GetTick
                0x0800442c       0x18 ./Drivers/STM32F4xx_HAL_Driver/stm32f4xx_hal.o
                0x0800442c                HAL_GetTick
 .text.HAL_Delay
                0x08004444       0x48 ./Drivers/STM32F4xx_HAL_Driver/stm32f4xx_hal.o
                0x08004444                HAL_Delay
 .text.__NVIC_SetPriorityGrouping
                0x0800448c       0x48 ./Drivers/STM32F4xx_HAL_Driver/stm32f4xx_hal_cortex.o
 .text.__NVIC_GetPriorityGrouping
                0x080044d4       0x1c ./Drivers/STM32F4xx_HAL_Driver/stm32f4xx_hal_cortex.o
 .text.__NVIC_EnableIRQ
                0x080044f0       0x3c ./Drivers/STM32F4xx_HAL_Driver/stm32f4xx_hal_cortex.o
 .text.__NVIC_SetPriority
                0x0800452c       0x54 ./Drivers/STM32F4xx_HAL_Driver/stm32f4xx_hal_cortex.o
 .text.NVIC_EncodePriority
                0x08004580       0x66 ./Drivers/STM32F4xx_HAL_Driver/stm32f4xx_hal_cortex.o
 *fill*         0x080045e6        0x2 
 .text.SysTick_Config
                0x080045e8       0x44 ./Drivers/STM32F4xx_HAL_Driver/stm32f4xx_hal_cortex.o
 .text.HAL_NVIC_SetPriorityGrouping
                0x0800462c       0x16 ./Drivers/STM32F4xx_HAL_Driver/stm32f4xx_hal_cortex.o
                0x0800462c                HAL_NVIC_SetPriorityGrouping
 .text.HAL_NVIC_SetPriority
                0x08004642       0x38 ./Drivers/STM32F4xx_HAL_Driver/stm32f4xx_hal_cortex.o
                0x08004642                HAL_NVIC_SetPriority
 .text.HAL_NVIC_EnableIRQ
                0x0800467a       0x1c ./Drivers/STM32F4xx_HAL_Driver/stm32f4xx_hal_cortex.o
                0x0800467a                HAL_NVIC_EnableIRQ
 .text.HAL_SYSTICK_Config
                0x08004696       0x18 ./Drivers/STM32F4xx_HAL_Driver/stm32f4xx_hal_cortex.o
                0x08004696                HAL_SYSTICK_Config
 .text.HAL_CRC_Init
                0x080046ae       0x38 ./Drivers/STM32F4xx_HAL_Driver/stm32f4xx_hal_crc.o
                0x080046ae                HAL_CRC_Init
 .text.HAL_DMA_Abort
                0x080046e6       0xe0 ./Drivers/STM32F4xx_HAL_Driver/stm32f4xx_hal_dma.o
                0x080046e6                HAL_DMA_Abort
 .text.HAL_DMA_Abort_IT
                0x080047c6       0x44 ./Drivers/STM32F4xx_HAL_Driver/stm32f4xx_hal_dma.o
                0x080047c6                HAL_DMA_Abort_IT
 *fill*         0x0800480a        0x2 
 .text.HAL_GPIO_Init
                0x0800480c      0x308 ./Drivers/STM32F4xx_HAL_Driver/stm32f4xx_hal_gpio.o
                0x0800480c                HAL_GPIO_Init
 .text.HAL_GPIO_WritePin
                0x08004b14       0x32 ./Drivers/STM32F4xx_HAL_Driver/stm32f4xx_hal_gpio.o
                0x08004b14                HAL_GPIO_WritePin
 *fill*         0x08004b46        0x2 
 .text.HAL_RCC_OscConfig
                0x08004b48      0x4f0 ./Drivers/STM32F4xx_HAL_Driver/stm32f4xx_hal_rcc.o
                0x08004b48                HAL_RCC_OscConfig
 .text.HAL_RCC_ClockConfig
                0x08005038      0x1cc ./Drivers/STM32F4xx_HAL_Driver/stm32f4xx_hal_rcc.o
                0x08005038                HAL_RCC_ClockConfig
 .text.HAL_RCC_GetSysClockFreq
                0x08005204      0x20c ./Drivers/STM32F4xx_HAL_Driver/stm32f4xx_hal_rcc.o
                0x08005204                HAL_RCC_GetSysClockFreq
 .text.HAL_RCC_GetHCLKFreq
                0x08005410       0x18 ./Drivers/STM32F4xx_HAL_Driver/stm32f4xx_hal_rcc.o
                0x08005410                HAL_RCC_GetHCLKFreq
 .text.HAL_RCC_GetPCLK1Freq
                0x08005428       0x28 ./Drivers/STM32F4xx_HAL_Driver/stm32f4xx_hal_rcc.o
                0x08005428                HAL_RCC_GetPCLK1Freq
 .text.HAL_RCC_GetPCLK2Freq
                0x08005450       0x28 ./Drivers/STM32F4xx_HAL_Driver/stm32f4xx_hal_rcc.o
                0x08005450                HAL_RCC_GetPCLK2Freq
 .text.HAL_SPI_Init
                0x08005478      0x112 ./Drivers/STM32F4xx_HAL_Driver/stm32f4xx_hal_spi.o
                0x08005478                HAL_SPI_Init
 .text.HAL_SPI_Transmit
                0x0800558a      0x278 ./Drivers/STM32F4xx_HAL_Driver/stm32f4xx_hal_spi.o
                0x0800558a                HAL_SPI_Transmit
 .text.HAL_SPI_Receive
                0x08005802      0x222 ./Drivers/STM32F4xx_HAL_Driver/stm32f4xx_hal_spi.o
                0x08005802                HAL_SPI_Receive
 .text.HAL_SPI_TransmitReceive
                0x08005a24      0x344 ./Drivers/STM32F4xx_HAL_Driver/stm32f4xx_hal_spi.o
                0x08005a24                HAL_SPI_TransmitReceive
 .text.SPI_WaitFlagStateUntilTimeout
                0x08005d68      0x110 ./Drivers/STM32F4xx_HAL_Driver/stm32f4xx_hal_spi.o
 .text.SPI_EndRxTransaction
                0x08005e78       0xca ./Drivers/STM32F4xx_HAL_Driver/stm32f4xx_hal_spi.o
 *fill*         0x08005f42        0x2 
 .text.SPI_EndRxTxTransaction
                0x08005f44       0x84 ./Drivers/STM32F4xx_HAL_Driver/stm32f4xx_hal_spi.o
 .text.HAL_TIM_Base_Init
                0x08005fc8       0x9e ./Drivers/STM32F4xx_HAL_Driver/stm32f4xx_hal_tim.o
                0x08005fc8                HAL_TIM_Base_Init
 *fill*         0x08006066        0x2 
 .text.HAL_TIM_Base_Start_IT
                0x08006068       0xc4 ./Drivers/STM32F4xx_HAL_Driver/stm32f4xx_hal_tim.o
                0x08006068                HAL_TIM_Base_Start_IT
 .text.HAL_TIM_PWM_Init
                0x0800612c       0x9e ./Drivers/STM32F4xx_HAL_Driver/stm32f4xx_hal_tim.o
                0x0800612c                HAL_TIM_PWM_Init
 *fill*         0x080061ca        0x2 
 .text.HAL_TIM_PWM_Start
                0x080061cc      0x160 ./Drivers/STM32F4xx_HAL_Driver/stm32f4xx_hal_tim.o
                0x080061cc                HAL_TIM_PWM_Start
 .text.HAL_TIM_IRQHandler
                0x0800632c      0x210 ./Drivers/STM32F4xx_HAL_Driver/stm32f4xx_hal_tim.o
                0x0800632c                HAL_TIM_IRQHandler
 .text.HAL_TIM_PWM_ConfigChannel
                0x0800653c      0x184 ./Drivers/STM32F4xx_HAL_Driver/stm32f4xx_hal_tim.o
                0x0800653c                HAL_TIM_PWM_ConfigChannel
 .text.HAL_TIM_ConfigClockSource
                0x080066c0      0x18e ./Drivers/STM32F4xx_HAL_Driver/stm32f4xx_hal_tim.o
                0x080066c0                HAL_TIM_ConfigClockSource
 .text.HAL_TIM_PeriodElapsedCallback
                0x0800684e       0x14 ./Drivers/STM32F4xx_HAL_Driver/stm32f4xx_hal_tim.o
                0x0800684e                HAL_TIM_PeriodElapsedCallback
 .text.HAL_TIM_OC_DelayElapsedCallback
                0x08006862       0x14 ./Drivers/STM32F4xx_HAL_Driver/stm32f4xx_hal_tim.o
                0x08006862                HAL_TIM_OC_DelayElapsedCallback
 .text.HAL_TIM_IC_CaptureCallback
                0x08006876       0x14 ./Drivers/STM32F4xx_HAL_Driver/stm32f4xx_hal_tim.o
                0x08006876                HAL_TIM_IC_CaptureCallback
 .text.HAL_TIM_PWM_PulseFinishedCallback
                0x0800688a       0x14 ./Drivers/STM32F4xx_HAL_Driver/stm32f4xx_hal_tim.o
                0x0800688a                HAL_TIM_PWM_PulseFinishedCallback
 .text.HAL_TIM_TriggerCallback
                0x0800689e       0x14 ./Drivers/STM32F4xx_HAL_Driver/stm32f4xx_hal_tim.o
                0x0800689e                HAL_TIM_TriggerCallback
 *fill*         0x080068b2        0x2 
 .text.TIM_Base_SetConfig
                0x080068b4      0x100 ./Drivers/STM32F4xx_HAL_Driver/stm32f4xx_hal_tim.o
                0x080068b4                TIM_Base_SetConfig
 .text.TIM_OC1_SetConfig
                0x080069b4       0xcc ./Drivers/STM32F4xx_HAL_Driver/stm32f4xx_hal_tim.o
 .text.TIM_OC2_SetConfig
                0x08006a80       0xd8 ./Drivers/STM32F4xx_HAL_Driver/stm32f4xx_hal_tim.o
                0x08006a80                TIM_OC2_SetConfig
 .text.TIM_OC3_SetConfig
                0x08006b58       0xd4 ./Drivers/STM32F4xx_HAL_Driver/stm32f4xx_hal_tim.o
 .text.TIM_OC4_SetConfig
                0x08006c2c       0xa0 ./Drivers/STM32F4xx_HAL_Driver/stm32f4xx_hal_tim.o
 .text.TIM_TI1_ConfigInputStage
                0x08006ccc       0x5e ./Drivers/STM32F4xx_HAL_Driver/stm32f4xx_hal_tim.o
 .text.TIM_TI2_ConfigInputStage
                0x08006d2a       0x60 ./Drivers/STM32F4xx_HAL_Driver/stm32f4xx_hal_tim.o
 .text.TIM_ITRx_SetConfig
                0x08006d8a       0x36 ./Drivers/STM32F4xx_HAL_Driver/stm32f4xx_hal_tim.o
 .text.TIM_ETR_SetConfig
                0x08006dc0       0x40 ./Drivers/STM32F4xx_HAL_Driver/stm32f4xx_hal_tim.o
                0x08006dc0                TIM_ETR_SetConfig
 .text.TIM_CCxChannelCmd
                0x08006e00       0x4a ./Drivers/STM32F4xx_HAL_Driver/stm32f4xx_hal_tim.o
                0x08006e00                TIM_CCxChannelCmd
 *fill*         0x08006e4a        0x2 
 .text.HAL_TIMEx_MasterConfigSynchronization
                0x08006e4c       0xdc ./Drivers/STM32F4xx_HAL_Driver/stm32f4xx_hal_tim_ex.o
                0x08006e4c                HAL_TIMEx_MasterConfigSynchronization
 .text.HAL_TIMEx_CommutCallback
                0x08006f28       0x14 ./Drivers/STM32F4xx_HAL_Driver/stm32f4xx_hal_tim_ex.o
                0x08006f28                HAL_TIMEx_CommutCallback
 .text.HAL_TIMEx_BreakCallback
                0x08006f3c       0x14 ./Drivers/STM32F4xx_HAL_Driver/stm32f4xx_hal_tim_ex.o
                0x08006f3c                HAL_TIMEx_BreakCallback
 .text.HAL_HalfDuplex_Init
                0x08006f50       0xaa ./Drivers/STM32F4xx_HAL_Driver/stm32f4xx_hal_uart.o
                0x08006f50                HAL_HalfDuplex_Init
 .text.HAL_UART_Transmit
                0x08006ffa      0x124 ./Drivers/STM32F4xx_HAL_Driver/stm32f4xx_hal_uart.o
                0x08006ffa                HAL_UART_Transmit
 .text.HAL_UART_Receive_IT
                0x0800711e       0x60 ./Drivers/STM32F4xx_HAL_Driver/stm32f4xx_hal_uart.o
                0x0800711e                HAL_UART_Receive_IT
 *fill*         0x0800717e        0x2 
 .text.HAL_UART_IRQHandler
                0x08007180      0x51c ./Drivers/STM32F4xx_HAL_Driver/stm32f4xx_hal_uart.o
                0x08007180                HAL_UART_IRQHandler
 .text.HAL_UART_TxCpltCallback
                0x0800769c       0x14 ./Drivers/STM32F4xx_HAL_Driver/stm32f4xx_hal_uart.o
                0x0800769c                HAL_UART_TxCpltCallback
 .text.HAL_UART_RxCpltCallback
                0x080076b0       0x14 ./Drivers/STM32F4xx_HAL_Driver/stm32f4xx_hal_uart.o
                0x080076b0                HAL_UART_RxCpltCallback
 .text.HAL_UART_ErrorCallback
                0x080076c4       0x14 ./Drivers/STM32F4xx_HAL_Driver/stm32f4xx_hal_uart.o
                0x080076c4                HAL_UART_ErrorCallback
 .text.HAL_UARTEx_RxEventCallback
                0x080076d8       0x18 ./Drivers/STM32F4xx_HAL_Driver/stm32f4xx_hal_uart.o
                0x080076d8                HAL_UARTEx_RxEventCallback
 .text.UART_WaitOnFlagUntilTimeout
                0x080076f0       0xdc ./Drivers/STM32F4xx_HAL_Driver/stm32f4xx_hal_uart.o
 .text.UART_Start_Receive_IT
                0x080077cc       0x74 ./Drivers/STM32F4xx_HAL_Driver/stm32f4xx_hal_uart.o
                0x080077cc                UART_Start_Receive_IT
 .text.UART_EndRxTransfer
                0x08007840       0xc6 ./Drivers/STM32F4xx_HAL_Driver/stm32f4xx_hal_uart.o
 .text.UART_DMAAbortOnError
                0x08007906       0x28 ./Drivers/STM32F4xx_HAL_Driver/stm32f4xx_hal_uart.o
 .text.UART_Transmit_IT
                0x0800792e       0xa0 ./Drivers/STM32F4xx_HAL_Driver/stm32f4xx_hal_uart.o
 .text.UART_EndTransmit_IT
                0x080079ce       0x30 ./Drivers/STM32F4xx_HAL_Driver/stm32f4xx_hal_uart.o
 .text.UART_Receive_IT
                0x080079fe      0x176 ./Drivers/STM32F4xx_HAL_Driver/stm32f4xx_hal_uart.o
 .text.UART_SetConfig
                0x08007b74      0x4e8 ./Drivers/STM32F4xx_HAL_Driver/stm32f4xx_hal_uart.o
 .text.memset   0x0800805c       0x10 D:/ST/STM32CubeIDE_1.16.0/STM32CubeIDE/plugins/com.st.stm32cube.ide.mcu.externaltools.gnu-tools-for-stm32.12.3.rel1.win32_1.0.200.202406191623/tools/bin/../lib/gcc/arm-none-eabi/12.3.1/../../../../arm-none-eabi/lib/thumb/v7e-m+fp/hard\libc_nano.a(libc_a-memset.o)
                0x0800805c                memset
 .text.__libc_init_array
                0x0800806c       0x48 D:/ST/STM32CubeIDE_1.16.0/STM32CubeIDE/plugins/com.st.stm32cube.ide.mcu.externaltools.gnu-tools-for-stm32.12.3.rel1.win32_1.0.200.202406191623/tools/bin/../lib/gcc/arm-none-eabi/12.3.1/../../../../arm-none-eabi/lib/thumb/v7e-m+fp/hard\libc_nano.a(libc_a-init.o)
                0x0800806c                __libc_init_array
 *(.glue_7)
 .glue_7        0x080080b4        0x0 linker stubs
 *(.glue_7t)
 .glue_7t       0x080080b4        0x0 linker stubs
 *(.eh_frame)
 .eh_frame      0x080080b4        0x0 D:/ST/STM32CubeIDE_1.16.0/STM32CubeIDE/plugins/com.st.stm32cube.ide.mcu.externaltools.gnu-tools-for-stm32.12.3.rel1.win32_1.0.200.202406191623/tools/bin/../lib/gcc/arm-none-eabi/12.3.1/thumb/v7e-m+fp/hard/crtbegin.o
 *(.init)
 .init          0x080080b4        0x4 D:/ST/STM32CubeIDE_1.16.0/STM32CubeIDE/plugins/com.st.stm32cube.ide.mcu.externaltools.gnu-tools-for-stm32.12.3.rel1.win32_1.0.200.202406191623/tools/bin/../lib/gcc/arm-none-eabi/12.3.1/thumb/v7e-m+fp/hard/crti.o
                0x080080b4                _init
 .init          0x080080b8        0x8 D:/ST/STM32CubeIDE_1.16.0/STM32CubeIDE/plugins/com.st.stm32cube.ide.mcu.externaltools.gnu-tools-for-stm32.12.3.rel1.win32_1.0.200.202406191623/tools/bin/../lib/gcc/arm-none-eabi/12.3.1/thumb/v7e-m+fp/hard/crtn.o
 *(.fini)
 .fini          0x080080c0        0x4 D:/ST/STM32CubeIDE_1.16.0/STM32CubeIDE/plugins/com.st.stm32cube.ide.mcu.externaltools.gnu-tools-for-stm32.12.3.rel1.win32_1.0.200.202406191623/tools/bin/../lib/gcc/arm-none-eabi/12.3.1/thumb/v7e-m+fp/hard/crti.o
                0x080080c0                _fini
 .fini          0x080080c4        0x8 D:/ST/STM32CubeIDE_1.16.0/STM32CubeIDE/plugins/com.st.stm32cube.ide.mcu.externaltools.gnu-tools-for-stm32.12.3.rel1.win32_1.0.200.202406191623/tools/bin/../lib/gcc/arm-none-eabi/12.3.1/thumb/v7e-m+fp/hard/crtn.o
                0x080080cc                        . = ALIGN (0x4)
                0x080080cc                        _etext = .

.vfp11_veneer   0x080080cc        0x0
 .vfp11_veneer  0x080080cc        0x0 linker stubs

.v4_bx          0x080080cc        0x0
 .v4_bx         0x080080cc        0x0 linker stubs

.iplt           0x080080cc        0x0
 .iplt          0x080080cc        0x0 D:/ST/STM32CubeIDE_1.16.0/STM32CubeIDE/plugins/com.st.stm32cube.ide.mcu.externaltools.gnu-tools-for-stm32.12.3.rel1.win32_1.0.200.202406191623/tools/bin/../lib/gcc/arm-none-eabi/12.3.1/thumb/v7e-m+fp/hard/crtbegin.o

.rodata         0x080080d0       0xc0
                0x080080d0                        . = ALIGN (0x4)
 *(.rodata)
 .rodata        0x080080d0       0x3e ./Core/Src/main.o
 *fill*         0x0800810e        0x2 
 .rodata        0x08008110       0x18 ./Core/Src/printf.o
 *(.rodata*)
 .rodata.pow10.0
                0x08008128       0x50 ./Core/Src/printf.o
 .rodata.AHBPrescTable
                0x08008178       0x10 ./Core/Src/system_stm32f4xx.o
                0x08008178                AHBPrescTable
 .rodata.APBPrescTable
                0x08008188        0x8 ./Core/Src/system_stm32f4xx.o
                0x08008188                APBPrescTable
                0x08008190                        . = ALIGN (0x4)

.ARM.extab      0x08008190        0x0
                0x08008190                        . = ALIGN (0x4)
 *(.ARM.extab* .gnu.linkonce.armextab.*)
                0x08008190                        . = ALIGN (0x4)

.ARM            0x08008190        0x8
                0x08008190                        . = ALIGN (0x4)
                0x08008190                        __exidx_start = .
 *(.ARM.exidx*)
 .ARM.exidx     0x08008190        0x8 D:/ST/STM32CubeIDE_1.16.0/STM32CubeIDE/plugins/com.st.stm32cube.ide.mcu.externaltools.gnu-tools-for-stm32.12.3.rel1.win32_1.0.200.202406191623/tools/bin/../lib/gcc/arm-none-eabi/12.3.1/thumb/v7e-m+fp/hard\libgcc.a(_udivmoddi4.o)
                0x08008198                        __exidx_end = .
                0x08008198                        . = ALIGN (0x4)

.preinit_array  0x08008198        0x0
                0x08008198                        . = ALIGN (0x4)
                0x08008198                        PROVIDE (__preinit_array_start = .)
 *(.preinit_array*)
                0x08008198                        PROVIDE (__preinit_array_end = .)
                0x08008198                        . = ALIGN (0x4)

.init_array     0x08008198        0x4
                0x08008198                        . = ALIGN (0x4)
                0x08008198                        PROVIDE (__init_array_start = .)
 *(SORT_BY_NAME(.init_array.*))
 *(.init_array*)
 .init_array    0x08008198        0x4 D:/ST/STM32CubeIDE_1.16.0/STM32CubeIDE/plugins/com.st.stm32cube.ide.mcu.externaltools.gnu-tools-for-stm32.12.3.rel1.win32_1.0.200.202406191623/tools/bin/../lib/gcc/arm-none-eabi/12.3.1/thumb/v7e-m+fp/hard/crtbegin.o
                0x0800819c                        PROVIDE (__init_array_end = .)
                0x0800819c                        . = ALIGN (0x4)

.fini_array     0x0800819c        0x4
                0x0800819c                        . = ALIGN (0x4)
                [!provide]                        PROVIDE (__fini_array_start = .)
 *(SORT_BY_NAME(.fini_array.*))
 *(.fini_array*)
 .fini_array    0x0800819c        0x4 D:/ST/STM32CubeIDE_1.16.0/STM32CubeIDE/plugins/com.st.stm32cube.ide.mcu.externaltools.gnu-tools-for-stm32.12.3.rel1.win32_1.0.200.202406191623/tools/bin/../lib/gcc/arm-none-eabi/12.3.1/thumb/v7e-m+fp/hard/crtbegin.o
                [!provide]                        PROVIDE (__fini_array_end = .)
                0x080081a0                        . = ALIGN (0x4)
                0x080081a0                        _sidata = LOADADDR (.data)

.rel.dyn        0x080081a0        0x0
 .rel.iplt      0x080081a0        0x0 D:/ST/STM32CubeIDE_1.16.0/STM32CubeIDE/plugins/com.st.stm32cube.ide.mcu.externaltools.gnu-tools-for-stm32.12.3.rel1.win32_1.0.200.202406191623/tools/bin/../lib/gcc/arm-none-eabi/12.3.1/thumb/v7e-m+fp/hard/crtbegin.o

.data           0x20000000       0xac load address 0x080081a0
                0x20000000                        . = ALIGN (0x4)
                0x20000000                        _sdata = .
 *(.data)
 *(.data*)
 .data.str      0x20000000       0x98 ./Core/Src/main.o
                0x20000000                str
 .data.seed     0x20000098        0x4 ./Core/Src/main.o
 .data.osc_state
                0x2000009c        0x1 ./Core/Src/main.o
                0x2000009c                osc_state
 *fill*         0x2000009d        0x3 
 .data.SystemCoreClock
                0x200000a0        0x4 ./Core/Src/system_stm32f4xx.o
                0x200000a0                SystemCoreClock
 .data.uwTickPrio
                0x200000a4        0x4 ./Drivers/STM32F4xx_HAL_Driver/stm32f4xx_hal.o
                0x200000a4                uwTickPrio
 .data.uwTickFreq
                0x200000a8        0x1 ./Drivers/STM32F4xx_HAL_Driver/stm32f4xx_hal.o
                0x200000a8                uwTickFreq
 *(.RamFunc)
 *(.RamFunc*)
                0x200000ac                        . = ALIGN (0x4)
 *fill*         0x200000a9        0x3 
                0x200000ac                        _edata = .

.igot.plt       0x200000ac        0x0 load address 0x0800824c
 .igot.plt      0x200000ac        0x0 D:/ST/STM32CubeIDE_1.16.0/STM32CubeIDE/plugins/com.st.stm32cube.ide.mcu.externaltools.gnu-tools-for-stm32.12.3.rel1.win32_1.0.200.202406191623/tools/bin/../lib/gcc/arm-none-eabi/12.3.1/thumb/v7e-m+fp/hard/crtbegin.o
                0x200000ac                        . = ALIGN (0x4)

.bss            0x200000b0      0x340 load address 0x0800824c
                0x200000b0                        _sbss = .
                0x200000b0                        __bss_start__ = _sbss
 *(.bss)
 .bss           0x200000b0       0x1c D:/ST/STM32CubeIDE_1.16.0/STM32CubeIDE/plugins/com.st.stm32cube.ide.mcu.externaltools.gnu-tools-for-stm32.12.3.rel1.win32_1.0.200.202406191623/tools/bin/../lib/gcc/arm-none-eabi/12.3.1/thumb/v7e-m+fp/hard/crtbegin.o
 *(.bss*)
 .bss.hcrc      0x200000cc        0x8 ./Core/Src/crc.o
                0x200000cc                hcrc
 .bss.revol1    0x200000d4        0x2 ./Core/Src/main.o
                0x200000d4                revol1
 .bss.revol2    0x200000d6        0x2 ./Core/Src/main.o
                0x200000d6                revol2
 .bss.rev_rp1   0x200000d8        0x4 ./Core/Src/main.o
                0x200000d8                rev_rp1
 .bss.rev_rp2   0x200000dc        0x4 ./Core/Src/main.o
                0x200000dc                rev_rp2
 .bss.angle_    0x200000e0        0x4 ./Core/Src/main.o
                0x200000e0                angle_
 .bss.angle2    0x200000e4        0x4 ./Core/Src/main.o
                0x200000e4                angle2
 .bss.rev1      0x200000e8        0x8 ./Core/Src/main.o
                0x200000e8                rev1
 .bss.rev2      0x200000f0        0x8 ./Core/Src/main.o
                0x200000f0                rev2
 .bss.motor_1_PID
                0x200000f8       0x70 ./Core/Src/main.o
                0x200000f8                motor_1_PID
 .bss.motor_2_PID
                0x20000168       0x70 ./Core/Src/main.o
                0x20000168                motor_2_PID
 .bss.PIDOut1   0x200001d8        0x8 ./Core/Src/main.o
                0x200001d8                PIDOut1
 .bss.angle_setpoint1
                0x200001e0        0x8 ./Core/Src/main.o
                0x200001e0                angle_setpoint1
 .bss.offset1   0x200001e8        0x8 ./Core/Src/main.o
                0x200001e8                offset1
 .bss.PIDOut2   0x200001f0        0x8 ./Core/Src/main.o
                0x200001f0                PIDOut2
 .bss.angle_setpoint2
                0x200001f8        0x8 ./Core/Src/main.o
                0x200001f8                angle_setpoint2
 .bss.Rx_data   0x20000200        0xa ./Core/Src/main.o
                0x20000200                Rx_data
 *fill*         0x2000020a        0x2 
 .bss.mot1_filterStruct
                0x2000020c       0x30 ./Core/Src/main.o
                0x2000020c                mot1_filterStruct
 .bss.mot2_filterStruct
                0x2000023c       0x30 ./Core/Src/main.o
                0x2000023c                mot2_filterStruct
 *fill*         0x2000026c        0x4 
 .bss.abs_val   0x20000270        0x8 ./Core/Src/main.o
                0x20000270                abs_val
 .bss.hspi2     0x20000278       0x58 ./Core/Src/spi.o
                0x20000278                hspi2
 .bss.htim2     0x200002d0       0x48 ./Core/Src/tim.o
                0x200002d0                htim2
 .bss.htim3     0x20000318       0x48 ./Core/Src/tim.o
                0x20000318                htim3
 .bss.htim4     0x20000360       0x48 ./Core/Src/tim.o
                0x20000360                htim4
 .bss.huart2    0x200003a8       0x44 ./Core/Src/usart.o
                0x200003a8                huart2
 .bss.uwTick    0x200003ec        0x4 ./Drivers/STM32F4xx_HAL_Driver/stm32f4xx_hal.o
                0x200003ec                uwTick
 *(COMMON)
                0x200003f0                        . = ALIGN (0x4)
                0x200003f0                        _ebss = .
                0x200003f0                        __bss_end__ = _ebss

._user_heap_stack
                0x200003f0     0x1000 load address 0x0800824c
                0x200003f0                        . = ALIGN (0x8)
                [!provide]                        PROVIDE (end = .)
                0x200003f0                        PROVIDE (_end = .)
                0x20000bf0                        . = (. + _Min_Heap_Size)
 *fill*         0x200003f0      0x800 
                0x200013f0                        . = (. + _Min_Stack_Size)
 *fill*         0x20000bf0      0x800 
                0x200013f0                        . = ALIGN (0x8)

/DISCARD/
 libc.a(*)
 libm.a(*)
 libgcc.a(*)

.ARM.attributes
                0x00000000       0x30
 *(.ARM.attributes)
 .ARM.attributes
                0x00000000       0x22 D:/ST/STM32CubeIDE_1.16.0/STM32CubeIDE/plugins/com.st.stm32cube.ide.mcu.externaltools.gnu-tools-for-stm32.12.3.rel1.win32_1.0.200.202406191623/tools/bin/../lib/gcc/arm-none-eabi/12.3.1/thumb/v7e-m+fp/hard/crti.o
 .ARM.attributes
                0x00000022       0x34 D:/ST/STM32CubeIDE_1.16.0/STM32CubeIDE/plugins/com.st.stm32cube.ide.mcu.externaltools.gnu-tools-for-stm32.12.3.rel1.win32_1.0.200.202406191623/tools/bin/../lib/gcc/arm-none-eabi/12.3.1/thumb/v7e-m+fp/hard/crtbegin.o
 .ARM.attributes
                0x00000056       0x34 ./Core/Src/crc.o
 .ARM.attributes
                0x0000008a       0x34 ./Core/Src/gpio.o
 .ARM.attributes
                0x000000be       0x34 ./Core/Src/main.o
 .ARM.attributes
                0x000000f2       0x34 ./Core/Src/moving_average.o
 .ARM.attributes
                0x00000126       0x34 ./Core/Src/pid.o
 .ARM.attributes
                0x0000015a       0x34 ./Core/Src/printf.o
 .ARM.attributes
                0x0000018e       0x34 ./Core/Src/spi.o
 .ARM.attributes
                0x000001c2       0x34 ./Core/Src/stm32f4xx_hal_msp.o
 .ARM.attributes
                0x000001f6       0x34 ./Core/Src/stm32f4xx_it.o
 .ARM.attributes
                0x0000022a       0x34 ./Core/Src/system_stm32f4xx.o
 .ARM.attributes
                0x0000025e       0x34 ./Core/Src/tim.o
 .ARM.attributes
                0x00000292       0x34 ./Core/Src/tle5012b.o
 .ARM.attributes
                0x000002c6       0x34 ./Core/Src/usart.o
 .ARM.attributes
                0x000002fa       0x34 ./Core/Src/utils.o
 .ARM.attributes
                0x0000032e       0x21 ./Core/Startup/startup_stm32f411ceux.o
 .ARM.attributes
                0x0000034f       0x34 ./Drivers/STM32F4xx_HAL_Driver/stm32f4xx_hal.o
 .ARM.attributes
                0x00000383       0x34 ./Drivers/STM32F4xx_HAL_Driver/stm32f4xx_hal_cortex.o
 .ARM.attributes
                0x000003b7       0x34 ./Drivers/STM32F4xx_HAL_Driver/stm32f4xx_hal_crc.o
 .ARM.attributes
                0x000003eb       0x34 ./Drivers/STM32F4xx_HAL_Driver/stm32f4xx_hal_dma.o
 .ARM.attributes
                0x0000041f       0x34 ./Drivers/STM32F4xx_HAL_Driver/stm32f4xx_hal_gpio.o
 .ARM.attributes
                0x00000453       0x34 ./Drivers/STM32F4xx_HAL_Driver/stm32f4xx_hal_rcc.o
 .ARM.attributes
                0x00000487       0x34 ./Drivers/STM32F4xx_HAL_Driver/stm32f4xx_hal_spi.o
 .ARM.attributes
                0x000004bb       0x34 ./Drivers/STM32F4xx_HAL_Driver/stm32f4xx_hal_tim.o
 .ARM.attributes
                0x000004ef       0x34 ./Drivers/STM32F4xx_HAL_Driver/stm32f4xx_hal_tim_ex.o
 .ARM.attributes
                0x00000523       0x34 ./Drivers/STM32F4xx_HAL_Driver/stm32f4xx_hal_uart.o
 .ARM.attributes
                0x00000557       0x34 D:/ST/STM32CubeIDE_1.16.0/STM32CubeIDE/plugins/com.st.stm32cube.ide.mcu.externaltools.gnu-tools-for-stm32.12.3.rel1.win32_1.0.200.202406191623/tools/bin/../lib/gcc/arm-none-eabi/12.3.1/../../../../arm-none-eabi/lib/thumb/v7e-m+fp/hard\libc_nano.a(libc_a-memset.o)
 .ARM.attributes
                0x0000058b       0x34 D:/ST/STM32CubeIDE_1.16.0/STM32CubeIDE/plugins/com.st.stm32cube.ide.mcu.externaltools.gnu-tools-for-stm32.12.3.rel1.win32_1.0.200.202406191623/tools/bin/../lib/gcc/arm-none-eabi/12.3.1/../../../../arm-none-eabi/lib/thumb/v7e-m+fp/hard\libc_nano.a(libc_a-init.o)
 .ARM.attributes
                0x000005bf       0x22 D:/ST/STM32CubeIDE_1.16.0/STM32CubeIDE/plugins/com.st.stm32cube.ide.mcu.externaltools.gnu-tools-for-stm32.12.3.rel1.win32_1.0.200.202406191623/tools/bin/../lib/gcc/arm-none-eabi/12.3.1/thumb/v7e-m+fp/hard\libgcc.a(_arm_addsubdf3.o)
 .ARM.attributes
                0x000005e1       0x22 D:/ST/STM32CubeIDE_1.16.0/STM32CubeIDE/plugins/com.st.stm32cube.ide.mcu.externaltools.gnu-tools-for-stm32.12.3.rel1.win32_1.0.200.202406191623/tools/bin/../lib/gcc/arm-none-eabi/12.3.1/thumb/v7e-m+fp/hard\libgcc.a(_arm_muldivdf3.o)
 .ARM.attributes
                0x00000603       0x22 D:/ST/STM32CubeIDE_1.16.0/STM32CubeIDE/plugins/com.st.stm32cube.ide.mcu.externaltools.gnu-tools-for-stm32.12.3.rel1.win32_1.0.200.202406191623/tools/bin/../lib/gcc/arm-none-eabi/12.3.1/thumb/v7e-m+fp/hard\libgcc.a(_arm_cmpdf2.o)
 .ARM.attributes
                0x00000625       0x22 D:/ST/STM32CubeIDE_1.16.0/STM32CubeIDE/plugins/com.st.stm32cube.ide.mcu.externaltools.gnu-tools-for-stm32.12.3.rel1.win32_1.0.200.202406191623/tools/bin/../lib/gcc/arm-none-eabi/12.3.1/thumb/v7e-m+fp/hard\libgcc.a(_arm_fixdfsi.o)
 .ARM.attributes
                0x00000647       0x22 D:/ST/STM32CubeIDE_1.16.0/STM32CubeIDE/plugins/com.st.stm32cube.ide.mcu.externaltools.gnu-tools-for-stm32.12.3.rel1.win32_1.0.200.202406191623/tools/bin/../lib/gcc/arm-none-eabi/12.3.1/thumb/v7e-m+fp/hard\libgcc.a(_arm_fixunsdfsi.o)
 .ARM.attributes
                0x00000669       0x22 D:/ST/STM32CubeIDE_1.16.0/STM32CubeIDE/plugins/com.st.stm32cube.ide.mcu.externaltools.gnu-tools-for-stm32.12.3.rel1.win32_1.0.200.202406191623/tools/bin/../lib/gcc/arm-none-eabi/12.3.1/thumb/v7e-m+fp/hard\libgcc.a(_arm_truncdfsf2.o)
 .ARM.attributes
                0x0000068b       0x22 D:/ST/STM32CubeIDE_1.16.0/STM32CubeIDE/plugins/com.st.stm32cube.ide.mcu.externaltools.gnu-tools-for-stm32.12.3.rel1.win32_1.0.200.202406191623/tools/bin/../lib/gcc/arm-none-eabi/12.3.1/thumb/v7e-m+fp/hard\libgcc.a(_aeabi_uldivmod.o)
 .ARM.attributes
                0x000006ad       0x34 D:/ST/STM32CubeIDE_1.16.0/STM32CubeIDE/plugins/com.st.stm32cube.ide.mcu.externaltools.gnu-tools-for-stm32.12.3.rel1.win32_1.0.200.202406191623/tools/bin/../lib/gcc/arm-none-eabi/12.3.1/thumb/v7e-m+fp/hard\libgcc.a(_udivmoddi4.o)
 .ARM.attributes
                0x000006e1       0x22 D:/ST/STM32CubeIDE_1.16.0/STM32CubeIDE/plugins/com.st.stm32cube.ide.mcu.externaltools.gnu-tools-for-stm32.12.3.rel1.win32_1.0.200.202406191623/tools/bin/../lib/gcc/arm-none-eabi/12.3.1/thumb/v7e-m+fp/hard\libgcc.a(_dvmd_tls.o)
 .ARM.attributes
                0x00000703       0x22 D:/ST/STM32CubeIDE_1.16.0/STM32CubeIDE/plugins/com.st.stm32cube.ide.mcu.externaltools.gnu-tools-for-stm32.12.3.rel1.win32_1.0.200.202406191623/tools/bin/../lib/gcc/arm-none-eabi/12.3.1/thumb/v7e-m+fp/hard/crtn.o
OUTPUT(snakebot_spec.elf elf32-littlearm)
LOAD linker stubs
LOAD D:/ST/STM32CubeIDE_1.16.0/STM32CubeIDE/plugins/com.st.stm32cube.ide.mcu.externaltools.gnu-tools-for-stm32.12.3.rel1.win32_1.0.200.202406191623/tools/bin/../lib/gcc/arm-none-eabi/12.3.1/../../../../arm-none-eabi/lib/thumb/v7e-m+fp/hard\libc.a
LOAD D:/ST/STM32CubeIDE_1.16.0/STM32CubeIDE/plugins/com.st.stm32cube.ide.mcu.externaltools.gnu-tools-for-stm32.12.3.rel1.win32_1.0.200.202406191623/tools/bin/../lib/gcc/arm-none-eabi/12.3.1/../../../../arm-none-eabi/lib/thumb/v7e-m+fp/hard\libm.a
LOAD D:/ST/STM32CubeIDE_1.16.0/STM32CubeIDE/plugins/com.st.stm32cube.ide.mcu.externaltools.gnu-tools-for-stm32.12.3.rel1.win32_1.0.200.202406191623/tools/bin/../lib/gcc/arm-none-eabi/12.3.1/thumb/v7e-m+fp/hard\libgcc.a

.debug_info     0x00000000    0x12a52
 .debug_info    0x00000000      0x44d ./Core/Src/crc.o
 .debug_info    0x0000044d      0x433 ./Core/Src/gpio.o
 .debug_info    0x00000880     0x183b ./Core/Src/main.o
 .debug_info    0x000020bb      0x14e ./Core/Src/moving_average.o
 .debug_info    0x00002209      0x671 ./Core/Src/pid.o
 .debug_info    0x0000287a      0xd56 ./Core/Src/printf.o
 .debug_info    0x000035d0      0x976 ./Core/Src/spi.o
 .debug_info    0x00003f46      0x291 ./Core/Src/stm32f4xx_hal_msp.o
 .debug_info    0x000041d7      0x95c ./Core/Src/stm32f4xx_it.o
 .debug_info    0x00004b33      0x53e ./Core/Src/system_stm32f4xx.o
 .debug_info    0x00005071      0xefc ./Core/Src/tim.o
 .debug_info    0x00005f6d      0x9b5 ./Core/Src/tle5012b.o
 .debug_info    0x00006922      0xb06 ./Core/Src/usart.o
 .debug_info    0x00007428       0xaa ./Core/Src/utils.o
 .debug_info    0x000074d2       0x30 ./Core/Startup/startup_stm32f411ceux.o
 .debug_info    0x00007502      0x8c7 ./Drivers/STM32F4xx_HAL_Driver/stm32f4xx_hal.o
 .debug_info    0x00007dc9      0xcb6 ./Drivers/STM32F4xx_HAL_Driver/stm32f4xx_hal_cortex.o
 .debug_info    0x00008a7f      0x373 ./Drivers/STM32F4xx_HAL_Driver/stm32f4xx_hal_crc.o
 .debug_info    0x00008df2      0x8e6 ./Drivers/STM32F4xx_HAL_Driver/stm32f4xx_hal_dma.o
 .debug_info    0x000096d8      0x6f9 ./Drivers/STM32F4xx_HAL_Driver/stm32f4xx_hal_gpio.o
 .debug_info    0x00009dd1      0x8f1 ./Drivers/STM32F4xx_HAL_Driver/stm32f4xx_hal_rcc.o
 .debug_info    0x0000a6c2     0x1606 ./Drivers/STM32F4xx_HAL_Driver/stm32f4xx_hal_spi.o
 .debug_info    0x0000bcc8     0x2942 ./Drivers/STM32F4xx_HAL_Driver/stm32f4xx_hal_tim.o
 .debug_info    0x0000e60a     0x14a7 ./Drivers/STM32F4xx_HAL_Driver/stm32f4xx_hal_tim_ex.o
 .debug_info    0x0000fab1     0x2fa1 ./Drivers/STM32F4xx_HAL_Driver/stm32f4xx_hal_uart.o

.debug_abbrev   0x00000000     0x3113
 .debug_abbrev  0x00000000      0x1aa ./Core/Src/crc.o
 .debug_abbrev  0x000001aa      0x151 ./Core/Src/gpio.o
 .debug_abbrev  0x000002fb      0x3df ./Core/Src/main.o
 .debug_abbrev  0x000006da       0xeb ./Core/Src/moving_average.o
 .debug_abbrev  0x000007c5      0x1dc ./Core/Src/pid.o
 .debug_abbrev  0x000009a1      0x24d ./Core/Src/printf.o
 .debug_abbrev  0x00000bee      0x1f1 ./Core/Src/spi.o
 .debug_abbrev  0x00000ddf       0xd8 ./Core/Src/stm32f4xx_hal_msp.o
 .debug_abbrev  0x00000eb7      0x1a8 ./Core/Src/stm32f4xx_it.o
 .debug_abbrev  0x0000105f      0x11a ./Core/Src/system_stm32f4xx.o
 .debug_abbrev  0x00001179      0x288 ./Core/Src/tim.o
 .debug_abbrev  0x00001401      0x210 ./Core/Src/tle5012b.o
 .debug_abbrev  0x00001611      0x210 ./Core/Src/usart.o
 .debug_abbrev  0x00001821       0x93 ./Core/Src/utils.o
 .debug_abbrev  0x000018b4       0x24 ./Core/Startup/startup_stm32f411ceux.o
 .debug_abbrev  0x000018d8      0x24b ./Drivers/STM32F4xx_HAL_Driver/stm32f4xx_hal.o
 .debug_abbrev  0x00001b23      0x327 ./Drivers/STM32F4xx_HAL_Driver/stm32f4xx_hal_cortex.o
 .debug_abbrev  0x00001e4a      0x179 ./Drivers/STM32F4xx_HAL_Driver/stm32f4xx_hal_crc.o
 .debug_abbrev  0x00001fc3      0x221 ./Drivers/STM32F4xx_HAL_Driver/stm32f4xx_hal_dma.o
 .debug_abbrev  0x000021e4      0x1d3 ./Drivers/STM32F4xx_HAL_Driver/stm32f4xx_hal_gpio.o
 .debug_abbrev  0x000023b7      0x2b5 ./Drivers/STM32F4xx_HAL_Driver/stm32f4xx_hal_rcc.o
 .debug_abbrev  0x0000266c      0x280 ./Drivers/STM32F4xx_HAL_Driver/stm32f4xx_hal_spi.o
 .debug_abbrev  0x000028ec      0x284 ./Drivers/STM32F4xx_HAL_Driver/stm32f4xx_hal_tim.o
 .debug_abbrev  0x00002b70      0x28f ./Drivers/STM32F4xx_HAL_Driver/stm32f4xx_hal_tim_ex.o
 .debug_abbrev  0x00002dff      0x314 ./Drivers/STM32F4xx_HAL_Driver/stm32f4xx_hal_uart.o

.debug_aranges  0x00000000     0x1178
 .debug_aranges
                0x00000000       0x30 ./Core/Src/crc.o
 .debug_aranges
                0x00000030       0x20 ./Core/Src/gpio.o
 .debug_aranges
                0x00000050       0xc0 ./Core/Src/main.o
 .debug_aranges
                0x00000110       0x28 ./Core/Src/moving_average.o
 .debug_aranges
                0x00000138       0x90 ./Core/Src/pid.o
 .debug_aranges
                0x000001c8       0xb8 ./Core/Src/printf.o
 .debug_aranges
                0x00000280       0x30 ./Core/Src/spi.o
 .debug_aranges
                0x000002b0       0x20 ./Core/Src/stm32f4xx_hal_msp.o
 .debug_aranges
                0x000002d0       0x70 ./Core/Src/stm32f4xx_it.o
 .debug_aranges
                0x00000340       0x28 ./Core/Src/system_stm32f4xx.o
 .debug_aranges
                0x00000368       0x58 ./Core/Src/tim.o
 .debug_aranges
                0x000003c0       0x60 ./Core/Src/tle5012b.o
 .debug_aranges
                0x00000420       0x30 ./Core/Src/usart.o
 .debug_aranges
                0x00000450       0x30 ./Core/Src/utils.o
 .debug_aranges
                0x00000480       0x28 ./Core/Startup/startup_stm32f411ceux.o
 .debug_aranges
                0x000004a8       0xf0 ./Drivers/STM32F4xx_HAL_Driver/stm32f4xx_hal.o
 .debug_aranges
                0x00000598      0x118 ./Drivers/STM32F4xx_HAL_Driver/stm32f4xx_hal_cortex.o
 .debug_aranges
                0x000006b0       0x50 ./Drivers/STM32F4xx_HAL_Driver/stm32f4xx_hal_crc.o
 .debug_aranges
                0x00000700       0x90 ./Drivers/STM32F4xx_HAL_Driver/stm32f4xx_hal_dma.o
 .debug_aranges
                0x00000790       0x58 ./Drivers/STM32F4xx_HAL_Driver/stm32f4xx_hal_gpio.o
 .debug_aranges
                0x000007e8       0x88 ./Drivers/STM32F4xx_HAL_Driver/stm32f4xx_hal_rcc.o
 .debug_aranges
                0x00000870      0x1d0 ./Drivers/STM32F4xx_HAL_Driver/stm32f4xx_hal_spi.o
 .debug_aranges
                0x00000a40      0x3d0 ./Drivers/STM32F4xx_HAL_Driver/stm32f4xx_hal_tim.o
 .debug_aranges
                0x00000e10      0x168 ./Drivers/STM32F4xx_HAL_Driver/stm32f4xx_hal_tim_ex.o
 .debug_aranges
                0x00000f78      0x200 ./Drivers/STM32F4xx_HAL_Driver/stm32f4xx_hal_uart.o

.debug_rnglists
                0x00000000      0xd86
 .debug_rnglists
                0x00000000       0x1f ./Core/Src/crc.o
 .debug_rnglists
                0x0000001f       0x14 ./Core/Src/gpio.o
 .debug_rnglists
                0x00000033       0x94 ./Core/Src/main.o
 .debug_rnglists
                0x000000c7       0x1a ./Core/Src/moving_average.o
 .debug_rnglists
                0x000000e1       0x6c ./Core/Src/pid.o
 .debug_rnglists
                0x0000014d       0x8c ./Core/Src/printf.o
 .debug_rnglists
                0x000001d9       0x20 ./Core/Src/spi.o
 .debug_rnglists
                0x000001f9       0x13 ./Core/Src/stm32f4xx_hal_msp.o
 .debug_rnglists
                0x0000020c       0x4f ./Core/Src/stm32f4xx_it.o
 .debug_rnglists
                0x0000025b       0x1a ./Core/Src/system_stm32f4xx.o
 .debug_rnglists
                0x00000275       0x41 ./Core/Src/tim.o
 .debug_rnglists
                0x000002b6       0x4a ./Core/Src/tle5012b.o
 .debug_rnglists
                0x00000300       0x20 ./Core/Src/usart.o
 .debug_rnglists
                0x00000320       0x1f ./Core/Src/utils.o
 .debug_rnglists
                0x0000033f       0x19 ./Core/Startup/startup_stm32f411ceux.o
 .debug_rnglists
                0x00000358       0xaf ./Drivers/STM32F4xx_HAL_Driver/stm32f4xx_hal.o
 .debug_rnglists
                0x00000407       0xce ./Drivers/STM32F4xx_HAL_Driver/stm32f4xx_hal_cortex.o
 .debug_rnglists
                0x000004d5       0x37 ./Drivers/STM32F4xx_HAL_Driver/stm32f4xx_hal_crc.o
 .debug_rnglists
                0x0000050c       0x70 ./Drivers/STM32F4xx_HAL_Driver/stm32f4xx_hal_dma.o
 .debug_rnglists
                0x0000057c       0x3f ./Drivers/STM32F4xx_HAL_Driver/stm32f4xx_hal_gpio.o
 .debug_rnglists
                0x000005bb       0x66 ./Drivers/STM32F4xx_HAL_Driver/stm32f4xx_hal_rcc.o
 .debug_rnglists
                0x00000621      0x16f ./Drivers/STM32F4xx_HAL_Driver/stm32f4xx_hal_spi.o
 .debug_rnglists
                0x00000790      0x31a ./Drivers/STM32F4xx_HAL_Driver/stm32f4xx_hal_tim.o
 .debug_rnglists
                0x00000aaa      0x125 ./Drivers/STM32F4xx_HAL_Driver/stm32f4xx_hal_tim_ex.o
 .debug_rnglists
                0x00000bcf      0x1b7 ./Drivers/STM32F4xx_HAL_Driver/stm32f4xx_hal_uart.o

.debug_macro    0x00000000    0x17bf8
 .debug_macro   0x00000000      0x1fb ./Core/Src/crc.o
 .debug_macro   0x000001fb      0xab4 ./Core/Src/crc.o
 .debug_macro   0x00000caf      0x2a7 ./Core/Src/crc.o
 .debug_macro   0x00000f56       0x2e ./Core/Src/crc.o
 .debug_macro   0x00000f84       0x28 ./Core/Src/crc.o
 .debug_macro   0x00000fac       0x22 ./Core/Src/crc.o
 .debug_macro   0x00000fce       0x8e ./Core/Src/crc.o
 .debug_macro   0x0000105c       0x51 ./Core/Src/crc.o
 .debug_macro   0x000010ad      0x103 ./Core/Src/crc.o
 .debug_macro   0x000011b0       0x6a ./Core/Src/crc.o
 .debug_macro   0x0000121a      0x1df ./Core/Src/crc.o
 .debug_macro   0x000013f9       0x1c ./Core/Src/crc.o
 .debug_macro   0x00001415       0x22 ./Core/Src/crc.o
 .debug_macro   0x00001437       0xd9 ./Core/Src/crc.o
 .debug_macro   0x00001510     0x102d ./Core/Src/crc.o
 .debug_macro   0x0000253d      0x11f ./Core/Src/crc.o
 .debug_macro   0x0000265c     0xb953 ./Core/Src/crc.o
 .debug_macro   0x0000dfaf       0x6d ./Core/Src/crc.o
 .debug_macro   0x0000e01c     0x3666 ./Core/Src/crc.o
 .debug_macro   0x00011682      0x189 ./Core/Src/crc.o
 .debug_macro   0x0001180b       0x5c ./Core/Src/crc.o
 .debug_macro   0x00011867      0x447 ./Core/Src/crc.o
 .debug_macro   0x00011cae      0x9fe ./Core/Src/crc.o
 .debug_macro   0x000126ac      0x116 ./Core/Src/crc.o
 .debug_macro   0x000127c2      0x11b ./Core/Src/crc.o
 .debug_macro   0x000128dd       0xa5 ./Core/Src/crc.o
 .debug_macro   0x00012982      0x15f ./Core/Src/crc.o
 .debug_macro   0x00012ae1      0x287 ./Core/Src/crc.o
 .debug_macro   0x00012d68       0x5f ./Core/Src/crc.o
 .debug_macro   0x00012dc7      0x236 ./Core/Src/crc.o
 .debug_macro   0x00012ffd       0x22 ./Core/Src/crc.o
 .debug_macro   0x0001301f      0x132 ./Core/Src/crc.o
 .debug_macro   0x00013151      0x264 ./Core/Src/crc.o
 .debug_macro   0x000133b5       0x2e ./Core/Src/crc.o
 .debug_macro   0x000133e3      0x11a ./Core/Src/crc.o
 .debug_macro   0x000134fd       0x85 ./Core/Src/crc.o
 .debug_macro   0x00013582       0x89 ./Core/Src/crc.o
 .debug_macro   0x0001360b      0x225 ./Core/Src/crc.o
 .debug_macro   0x00013830      0x8d1 ./Core/Src/crc.o
 .debug_macro   0x00014101       0x47 ./Core/Src/crc.o
 .debug_macro   0x00014148      0x295 ./Core/Src/crc.o
 .debug_macro   0x000143dd      0x126 ./Core/Src/crc.o
 .debug_macro   0x00014503       0x52 ./Core/Src/crc.o
 .debug_macro   0x00014555      0x1fb ./Core/Src/gpio.o
 .debug_macro   0x00014750      0x356 ./Core/Src/main.o
 .debug_macro   0x00014aa6       0x61 ./Core/Src/main.o
 .debug_macro   0x00014b07       0x2a ./Core/Src/main.o
 .debug_macro   0x00014b31       0x43 ./Core/Src/main.o
 .debug_macro   0x00014b74       0x34 ./Core/Src/main.o
 .debug_macro   0x00014ba8       0x16 ./Core/Src/main.o
 .debug_macro   0x00014bbe       0x43 ./Core/Src/main.o
 .debug_macro   0x00014c01       0x34 ./Core/Src/main.o
 .debug_macro   0x00014c35       0x10 ./Core/Src/main.o
 .debug_macro   0x00014c45       0x58 ./Core/Src/main.o
 .debug_macro   0x00014c9d       0x8e ./Core/Src/main.o
 .debug_macro   0x00014d2b       0x1c ./Core/Src/main.o
 .debug_macro   0x00014d47      0x177 ./Core/Src/main.o
 .debug_macro   0x00014ebe      0x369 ./Core/Src/main.o
 .debug_macro   0x00015227       0x10 ./Core/Src/main.o
 .debug_macro   0x00015237       0x35 ./Core/Src/main.o
 .debug_macro   0x0001526c       0x20 ./Core/Src/main.o
 .debug_macro   0x0001528c       0x29 ./Core/Src/main.o
 .debug_macro   0x000152b5       0x58 ./Core/Src/main.o
 .debug_macro   0x0001530d       0x22 ./Core/Src/main.o
 .debug_macro   0x0001532f       0x10 ./Core/Src/main.o
 .debug_macro   0x0001533f       0xb2 ./Core/Src/main.o
 .debug_macro   0x000153f1       0x73 ./Core/Src/moving_average.o
 .debug_macro   0x00015464      0x2ce ./Core/Src/pid.o
 .debug_macro   0x00015732       0x56 ./Core/Src/pid.o
 .debug_macro   0x00015788      0x10e ./Core/Src/printf.o
 .debug_macro   0x00015896       0x22 ./Core/Src/printf.o
 .debug_macro   0x000158b8      0x201 ./Core/Src/printf.o
 .debug_macro   0x00015ab9      0x1fb ./Core/Src/spi.o
 .debug_macro   0x00015cb4      0x1f1 ./Core/Src/stm32f4xx_hal_msp.o
 .debug_macro   0x00015ea5      0x1fb ./Core/Src/stm32f4xx_it.o
 .debug_macro   0x000160a0      0x1e2 ./Core/Src/system_stm32f4xx.o
 .debug_macro   0x00016282      0x1fb ./Core/Src/tim.o
 .debug_macro   0x0001647d      0x1fa ./Core/Src/tle5012b.o
 .debug_macro   0x00016677      0x1fb ./Core/Src/usart.o
 .debug_macro   0x00016872       0x11 ./Core/Src/utils.o
 .debug_macro   0x00016883      0x242 ./Drivers/STM32F4xx_HAL_Driver/stm32f4xx_hal.o
 .debug_macro   0x00016ac5      0x1e2 ./Drivers/STM32F4xx_HAL_Driver/stm32f4xx_hal_cortex.o
 .debug_macro   0x00016ca7      0x1e2 ./Drivers/STM32F4xx_HAL_Driver/stm32f4xx_hal_crc.o
 .debug_macro   0x00016e89      0x1e8 ./Drivers/STM32F4xx_HAL_Driver/stm32f4xx_hal_dma.o
 .debug_macro   0x00017071      0x1e8 ./Drivers/STM32F4xx_HAL_Driver/stm32f4xx_hal_gpio.o
 .debug_macro   0x00017259      0x206 ./Drivers/STM32F4xx_HAL_Driver/stm32f4xx_hal_rcc.o
 .debug_macro   0x0001745f      0x1f1 ./Drivers/STM32F4xx_HAL_Driver/stm32f4xx_hal_spi.o
 .debug_macro   0x00017650      0x1e3 ./Drivers/STM32F4xx_HAL_Driver/stm32f4xx_hal_tim.o
 .debug_macro   0x00017833      0x1e2 ./Drivers/STM32F4xx_HAL_Driver/stm32f4xx_hal_tim_ex.o
 .debug_macro   0x00017a15      0x1e3 ./Drivers/STM32F4xx_HAL_Driver/stm32f4xx_hal_uart.o

.debug_line     0x00000000    0x17060
 .debug_line    0x00000000      0x89c ./Core/Src/crc.o
 .debug_line    0x0000089c      0x88c ./Core/Src/gpio.o
 .debug_line    0x00001128      0xedb ./Core/Src/main.o
 .debug_line    0x00002003      0x498 ./Core/Src/moving_average.o
 .debug_line    0x0000249b      0xd59 ./Core/Src/pid.o
 .debug_line    0x000031f4     0x1034 ./Core/Src/printf.o
 .debug_line    0x00004228      0x8d2 ./Core/Src/spi.o
 .debug_line    0x00004afa      0x861 ./Core/Src/stm32f4xx_hal_msp.o
 .debug_line    0x0000535b      0x953 ./Core/Src/stm32f4xx_it.o
 .debug_line    0x00005cae      0x8e5 ./Core/Src/system_stm32f4xx.o
 .debug_line    0x00006593      0xa3d ./Core/Src/tim.o
 .debug_line    0x00006fd0      0xa6b ./Core/Src/tle5012b.o
 .debug_line    0x00007a3b      0x8cd ./Core/Src/usart.o
 .debug_line    0x00008308       0x92 ./Core/Src/utils.o
 .debug_line    0x0000839a       0x7a ./Core/Startup/startup_stm32f411ceux.o
 .debug_line    0x00008414      0xb87 ./Drivers/STM32F4xx_HAL_Driver/stm32f4xx_hal.o
 .debug_line    0x00008f9b      0xe34 ./Drivers/STM32F4xx_HAL_Driver/stm32f4xx_hal_cortex.o
 .debug_line    0x00009dcf      0x9e0 ./Drivers/STM32F4xx_HAL_Driver/stm32f4xx_hal_crc.o
 .debug_line    0x0000a7af     0x10fa ./Drivers/STM32F4xx_HAL_Driver/stm32f4xx_hal_dma.o
 .debug_line    0x0000b8a9      0xcd9 ./Drivers/STM32F4xx_HAL_Driver/stm32f4xx_hal_gpio.o
 .debug_line    0x0000c582      0xefa ./Drivers/STM32F4xx_HAL_Driver/stm32f4xx_hal_rcc.o
 .debug_line    0x0000d47c     0x1e3a ./Drivers/STM32F4xx_HAL_Driver/stm32f4xx_hal_spi.o
 .debug_line    0x0000f2b6     0x3671 ./Drivers/STM32F4xx_HAL_Driver/stm32f4xx_hal_tim.o
 .debug_line    0x00012927     0x1b19 ./Drivers/STM32F4xx_HAL_Driver/stm32f4xx_hal_tim_ex.o
 .debug_line    0x00014440     0x2c20 ./Drivers/STM32F4xx_HAL_Driver/stm32f4xx_hal_uart.o

.debug_str      0x00000000    0x909fa
 .debug_str     0x00000000    0x88046 ./Core/Src/crc.o
                              0x882d8 (size before relaxing)
 .debug_str     0x00088046       0xd8 ./Core/Src/gpio.o
                              0x88228 (size before relaxing)
 .debug_str     0x0008811e     0x43a6 ./Core/Src/main.o
                              0x8c777 (size before relaxing)
 .debug_str     0x0008c4c4       0x4b ./Core/Src/moving_average.o
                               0x3dc0 (size before relaxing)
 .debug_str     0x0008c50f       0xe5 ./Core/Src/pid.o
                              0x8b499 (size before relaxing)
 .debug_str     0x0008c5f4      0x9f0 ./Core/Src/printf.o
                               0x4d0f (size before relaxing)
 .debug_str     0x0008cfe4      0x1cb ./Core/Src/spi.o
                              0x886b4 (size before relaxing)
 .debug_str     0x0008d1af       0x2c ./Core/Src/stm32f4xx_hal_msp.o
                              0x8815d (size before relaxing)
 .debug_str     0x0008d1db      0x112 ./Core/Src/stm32f4xx_it.o
                              0x88857 (size before relaxing)
 .debug_str     0x0008d2ed       0xdb ./Core/Src/system_stm32f4xx.o
                              0x880f0 (size before relaxing)
 .debug_str     0x0008d3c8      0x5f4 ./Core/Src/tim.o
                              0x88d82 (size before relaxing)
 .debug_str     0x0008d9bc       0xaa ./Core/Src/tle5012b.o
                              0x889b9 (size before relaxing)
 .debug_str     0x0008da66       0x57 ./Core/Src/usart.o
                              0x88a9f (size before relaxing)
 .debug_str     0x0008dabd       0x1f ./Core/Src/utils.o
                               0x2e15 (size before relaxing)
 .debug_str     0x0008dadc       0x44 ./Core/Startup/startup_stm32f411ceux.o
                                 0x86 (size before relaxing)
 .debug_str     0x0008db20      0x630 ./Drivers/STM32F4xx_HAL_Driver/stm32f4xx_hal.o
                              0x88b55 (size before relaxing)
 .debug_str     0x0008e150      0x35c ./Drivers/STM32F4xx_HAL_Driver/stm32f4xx_hal_cortex.o
                              0x88876 (size before relaxing)
 .debug_str     0x0008e4ac       0xd6 ./Drivers/STM32F4xx_HAL_Driver/stm32f4xx_hal_crc.o
                              0x88145 (size before relaxing)
 .debug_str     0x0008e582      0x34e ./Drivers/STM32F4xx_HAL_Driver/stm32f4xx_hal_dma.o
                              0x88531 (size before relaxing)
 .debug_str     0x0008e8d0      0x155 ./Drivers/STM32F4xx_HAL_Driver/stm32f4xx_hal_gpio.o
                              0x882a4 (size before relaxing)
 .debug_str     0x0008ea25      0x261 ./Drivers/STM32F4xx_HAL_Driver/stm32f4xx_hal_rcc.o
                              0x8855d (size before relaxing)
 .debug_str     0x0008ec86      0x584 ./Drivers/STM32F4xx_HAL_Driver/stm32f4xx_hal_spi.o
                              0x889db (size before relaxing)
 .debug_str     0x0008f20a      0xd37 ./Drivers/STM32F4xx_HAL_Driver/stm32f4xx_hal_tim.o
                              0x89491 (size before relaxing)
 .debug_str     0x0008ff41      0x4cc ./Drivers/STM32F4xx_HAL_Driver/stm32f4xx_hal_tim_ex.o
                              0x88cad (size before relaxing)
 .debug_str     0x0009040d      0x5ed ./Drivers/STM32F4xx_HAL_Driver/stm32f4xx_hal_uart.o
                              0x88aea (size before relaxing)

.comment        0x00000000       0x43
 .comment       0x00000000       0x43 ./Core/Src/crc.o
                                 0x44 (size before relaxing)
 .comment       0x00000043       0x44 ./Core/Src/gpio.o
 .comment       0x00000043       0x44 ./Core/Src/main.o
 .comment       0x00000043       0x44 ./Core/Src/moving_average.o
 .comment       0x00000043       0x44 ./Core/Src/pid.o
 .comment       0x00000043       0x44 ./Core/Src/printf.o
 .comment       0x00000043       0x44 ./Core/Src/spi.o
 .comment       0x00000043       0x44 ./Core/Src/stm32f4xx_hal_msp.o
 .comment       0x00000043       0x44 ./Core/Src/stm32f4xx_it.o
 .comment       0x00000043       0x44 ./Core/Src/system_stm32f4xx.o
 .comment       0x00000043       0x44 ./Core/Src/tim.o
 .comment       0x00000043       0x44 ./Core/Src/tle5012b.o
 .comment       0x00000043       0x44 ./Core/Src/usart.o
 .comment       0x00000043       0x44 ./Core/Src/utils.o
 .comment       0x00000043       0x44 ./Drivers/STM32F4xx_HAL_Driver/stm32f4xx_hal.o
 .comment       0x00000043       0x44 ./Drivers/STM32F4xx_HAL_Driver/stm32f4xx_hal_cortex.o
 .comment       0x00000043       0x44 ./Drivers/STM32F4xx_HAL_Driver/stm32f4xx_hal_crc.o
 .comment       0x00000043       0x44 ./Drivers/STM32F4xx_HAL_Driver/stm32f4xx_hal_dma.o
 .comment       0x00000043       0x44 ./Drivers/STM32F4xx_HAL_Driver/stm32f4xx_hal_gpio.o
 .comment       0x00000043       0x44 ./Drivers/STM32F4xx_HAL_Driver/stm32f4xx_hal_rcc.o
 .comment       0x00000043       0x44 ./Drivers/STM32F4xx_HAL_Driver/stm32f4xx_hal_spi.o
 .comment       0x00000043       0x44 ./Drivers/STM32F4xx_HAL_Driver/stm32f4xx_hal_tim.o
 .comment       0x00000043       0x44 ./Drivers/STM32F4xx_HAL_Driver/stm32f4xx_hal_tim_ex.o
 .comment       0x00000043       0x44 ./Drivers/STM32F4xx_HAL_Driver/stm32f4xx_hal_uart.o

.debug_frame    0x00000000     0x4a8c
 .debug_frame   0x00000000       0x7c ./Core/Src/crc.o
 .debug_frame   0x0000007c       0x34 ./Core/Src/gpio.o
 .debug_frame   0x000000b0      0x314 ./Core/Src/main.o
 .debug_frame   0x000003c4       0x60 ./Core/Src/moving_average.o
 .debug_frame   0x00000424      0x248 ./Core/Src/pid.o
 .debug_frame   0x0000066c      0x384 ./Core/Src/printf.o
 .debug_frame   0x000009f0       0x74 ./Core/Src/spi.o
 .debug_frame   0x00000a64       0x38 ./Core/Src/stm32f4xx_hal_msp.o
 .debug_frame   0x00000a9c      0x13c ./Core/Src/stm32f4xx_it.o
 .debug_frame   0x00000bd8       0x58 ./Core/Src/system_stm32f4xx.o
 .debug_frame   0x00000c30      0x138 ./Core/Src/tim.o
 .debug_frame   0x00000d68      0x150 ./Core/Src/tle5012b.o
 .debug_frame   0x00000eb8       0x74 ./Core/Src/usart.o
 .debug_frame   0x00000f2c       0x88 ./Core/Src/utils.o
 .debug_frame   0x00000fb4      0x374 ./Drivers/STM32F4xx_HAL_Driver/stm32f4xx_hal.o
 .debug_frame   0x00001328      0x498 ./Drivers/STM32F4xx_HAL_Driver/stm32f4xx_hal_cortex.o
 .debug_frame   0x000017c0      0x120 ./Drivers/STM32F4xx_HAL_Driver/stm32f4xx_hal_crc.o
 .debug_frame   0x000018e0      0x250 ./Drivers/STM32F4xx_HAL_Driver/stm32f4xx_hal_dma.o
 .debug_frame   0x00001b30      0x14c ./Drivers/STM32F4xx_HAL_Driver/stm32f4xx_hal_gpio.o
 .debug_frame   0x00001c7c      0x1f4 ./Drivers/STM32F4xx_HAL_Driver/stm32f4xx_hal_rcc.o
 .debug_frame   0x00001e70      0x824 ./Drivers/STM32F4xx_HAL_Driver/stm32f4xx_hal_spi.o
 .debug_frame   0x00002694     0x11bc ./Drivers/STM32F4xx_HAL_Driver/stm32f4xx_hal_tim.o
 .debug_frame   0x00003850      0x638 ./Drivers/STM32F4xx_HAL_Driver/stm32f4xx_hal_tim_ex.o
 .debug_frame   0x00003e88      0x92c ./Drivers/STM32F4xx_HAL_Driver/stm32f4xx_hal_uart.o
 .debug_frame   0x000047b4       0x20 D:/ST/STM32CubeIDE_1.16.0/STM32CubeIDE/plugins/com.st.stm32cube.ide.mcu.externaltools.gnu-tools-for-stm32.12.3.rel1.win32_1.0.200.202406191623/tools/bin/../lib/gcc/arm-none-eabi/12.3.1/../../../../arm-none-eabi/lib/thumb/v7e-m+fp/hard\libc_nano.a(libc_a-memset.o)
 .debug_frame   0x000047d4       0x2c D:/ST/STM32CubeIDE_1.16.0/STM32CubeIDE/plugins/com.st.stm32cube.ide.mcu.externaltools.gnu-tools-for-stm32.12.3.rel1.win32_1.0.200.202406191623/tools/bin/../lib/gcc/arm-none-eabi/12.3.1/../../../../arm-none-eabi/lib/thumb/v7e-m+fp/hard\libc_nano.a(libc_a-init.o)
 .debug_frame   0x00004800       0xac D:/ST/STM32CubeIDE_1.16.0/STM32CubeIDE/plugins/com.st.stm32cube.ide.mcu.externaltools.gnu-tools-for-stm32.12.3.rel1.win32_1.0.200.202406191623/tools/bin/../lib/gcc/arm-none-eabi/12.3.1/thumb/v7e-m+fp/hard\libgcc.a(_arm_addsubdf3.o)
 .debug_frame   0x000048ac       0x50 D:/ST/STM32CubeIDE_1.16.0/STM32CubeIDE/plugins/com.st.stm32cube.ide.mcu.externaltools.gnu-tools-for-stm32.12.3.rel1.win32_1.0.200.202406191623/tools/bin/../lib/gcc/arm-none-eabi/12.3.1/thumb/v7e-m+fp/hard\libgcc.a(_arm_muldivdf3.o)
 .debug_frame   0x000048fc       0xc4 D:/ST/STM32CubeIDE_1.16.0/STM32CubeIDE/plugins/com.st.stm32cube.ide.mcu.externaltools.gnu-tools-for-stm32.12.3.rel1.win32_1.0.200.202406191623/tools/bin/../lib/gcc/arm-none-eabi/12.3.1/thumb/v7e-m+fp/hard\libgcc.a(_arm_cmpdf2.o)
 .debug_frame   0x000049c0       0x24 D:/ST/STM32CubeIDE_1.16.0/STM32CubeIDE/plugins/com.st.stm32cube.ide.mcu.externaltools.gnu-tools-for-stm32.12.3.rel1.win32_1.0.200.202406191623/tools/bin/../lib/gcc/arm-none-eabi/12.3.1/thumb/v7e-m+fp/hard\libgcc.a(_arm_fixdfsi.o)
 .debug_frame   0x000049e4       0x24 D:/ST/STM32CubeIDE_1.16.0/STM32CubeIDE/plugins/com.st.stm32cube.ide.mcu.externaltools.gnu-tools-for-stm32.12.3.rel1.win32_1.0.200.202406191623/tools/bin/../lib/gcc/arm-none-eabi/12.3.1/thumb/v7e-m+fp/hard\libgcc.a(_arm_fixunsdfsi.o)
 .debug_frame   0x00004a08       0x24 D:/ST/STM32CubeIDE_1.16.0/STM32CubeIDE/plugins/com.st.stm32cube.ide.mcu.externaltools.gnu-tools-for-stm32.12.3.rel1.win32_1.0.200.202406191623/tools/bin/../lib/gcc/arm-none-eabi/12.3.1/thumb/v7e-m+fp/hard\libgcc.a(_arm_truncdfsf2.o)
 .debug_frame   0x00004a2c       0x2c D:/ST/STM32CubeIDE_1.16.0/STM32CubeIDE/plugins/com.st.stm32cube.ide.mcu.externaltools.gnu-tools-for-stm32.12.3.rel1.win32_1.0.200.202406191623/tools/bin/../lib/gcc/arm-none-eabi/12.3.1/thumb/v7e-m+fp/hard\libgcc.a(_aeabi_uldivmod.o)
 .debug_frame   0x00004a58       0x34 D:/ST/STM32CubeIDE_1.16.0/STM32CubeIDE/plugins/com.st.stm32cube.ide.mcu.externaltools.gnu-tools-for-stm32.12.3.rel1.win32_1.0.200.202406191623/tools/bin/../lib/gcc/arm-none-eabi/12.3.1/thumb/v7e-m+fp/hard\libgcc.a(_udivmoddi4.o)

.debug_line_str
                0x00000000       0x6a
 .debug_line_str
                0x00000000       0x6a ./Core/Startup/startup_stm32f411ceux.o
