../Core/Src/main.c:114:5:main	16	static
../Core/Src/main.c:367:6:SystemClock_Config	88	static
../Core/Src/main.c:409:6:ccw1	16	static
../Core/Src/main.c:422:6:ccw2	16	static
../Core/Src/main.c:430:6:cw1	16	static
../Core/Src/main.c:444:6:cw2	16	static
../Core/Src/main.c:453:6:stop1	4	static
../Core/Src/main.c:460:6:stop2	4	static
../Core/Src/main.c:466:6:reset_motors	4	static
../Core/Src/main.c:474:6:goto_angle1	16	static
../Core/Src/main.c:511:6:goto_angle2	16	static
../Core/Src/main.c:549:7:r_abs	16	static
../Core/Src/main.c:557:6:print_debug	176	static
../Core/Src/main.c:563:6:read_sensors	8	static
../Core/Src/main.c:577:6:fast_oscillation1	24	static
../Core/Src/main.c:622:6:fast_oscillation2	24	static
../Core/Src/main.c:670:6:srand	16	static
../Core/Src/main.c:674:10:rand	4	static
../Core/Src/main.c:679:7:getRandomFloat	16	static
../Core/Src/main.c:729:6:badpwm	24	static
../Core/Src/main.c:748:6:Error_Handler	8	static,ignoring_inline_asm
